-- Logs begin at Tue 2023-08-29 14:02:09 EDT, end at Fri 2023-09-22 15:39:04 EDT. --
Sep 22 15:33:23 kirk.sb.computer kernel: Linux version 4.11.7 (axion@jenkins-lin04) (gcc version 5.4.0 (Buildroot 2017.02.3-00376-g39c99ab2f2-dirty) ) #2 SMP Fri Sep 22 14:45:27 EDT 2023
Sep 22 15:33:23 kirk.sb.computer kernel: Command line: BOOT_IMAGE=/kirk.img rootfstype=ramdisk console=tty1 nomodeset kirkboot 4d70b6e6-262a-405e-b5d1-2444e6f0d643 fce9010d-ebd9-4f79-8231-144168409a51 c1ff3aba-bca7-40c3-8e39-a8592c88101c fdcaf2b5-299d-4ea5-96d3-65fdf4338cde
Sep 22 15:33:23 kirk.sb.computer kernel: x86/fpu: Supporting XSAVE feature 0x001: 'x87 floating point registers'
Sep 22 15:33:23 kirk.sb.computer kernel: x86/fpu: Supporting XSAVE feature 0x002: 'SSE registers'
Sep 22 15:33:23 kirk.sb.computer kernel: x86/fpu: Supporting XSAVE feature 0x004: 'AVX registers'
Sep 22 15:33:23 kirk.sb.computer kernel: x86/fpu: Supporting XSAVE feature 0x008: 'MPX bounds registers'
Sep 22 15:33:23 kirk.sb.computer kernel: x86/fpu: Supporting XSAVE feature 0x010: 'MPX CSR'
Sep 22 15:33:23 kirk.sb.computer kernel: x86/fpu: xstate_offset[2]:  576, xstate_sizes[2]:  256
Sep 22 15:33:23 kirk.sb.computer kernel: x86/fpu: xstate_offset[3]:  832, xstate_sizes[3]:   64
Sep 22 15:33:23 kirk.sb.computer kernel: x86/fpu: xstate_offset[4]:  896, xstate_sizes[4]:   64
Sep 22 15:33:23 kirk.sb.computer kernel: x86/fpu: Enabled xstate features 0x1f, context size is 960 bytes, using 'compacted' format.
Sep 22 15:33:23 kirk.sb.computer kernel: e820: BIOS-provided physical RAM map:
Sep 22 15:33:23 kirk.sb.computer kernel: BIOS-e820: [mem 0x0000000000000000-0x0000000000057fff] usable
Sep 22 15:33:23 kirk.sb.computer kernel: BIOS-e820: [mem 0x0000000000058000-0x0000000000058fff] reserved
Sep 22 15:33:23 kirk.sb.computer kernel: BIOS-e820: [mem 0x0000000000059000-0x000000000009efff] usable
Sep 22 15:33:23 kirk.sb.computer kernel: BIOS-e820: [mem 0x000000000009f000-0x00000000000fffff] reserved
Sep 22 15:33:23 kirk.sb.computer kernel: BIOS-e820: [mem 0x0000000000100000-0x0000000085a10fff] usable
Sep 22 15:33:23 kirk.sb.computer kernel: BIOS-e820: [mem 0x0000000085a11000-0x0000000085a11fff] ACPI NVS
Sep 22 15:33:23 kirk.sb.computer kernel: BIOS-e820: [mem 0x0000000085a12000-0x0000000085a12fff] reserved
Sep 22 15:33:23 kirk.sb.computer kernel: BIOS-e820: [mem 0x0000000085a13000-0x000000008c495fff] usable
Sep 22 15:33:23 kirk.sb.computer kernel: BIOS-e820: [mem 0x000000008c496000-0x000000008c805fff] reserved
Sep 22 15:33:23 kirk.sb.computer kernel: BIOS-e820: [mem 0x000000008c806000-0x000000008c84dfff] ACPI data
Sep 22 15:33:23 kirk.sb.computer kernel: BIOS-e820: [mem 0x000000008c84e000-0x000000008d02cfff] ACPI NVS
Sep 22 15:33:23 kirk.sb.computer kernel: BIOS-e820: [mem 0x000000008d02d000-0x000000008d3fefff] reserved
Sep 22 15:33:23 kirk.sb.computer kernel: BIOS-e820: [mem 0x000000008d3ff000-0x000000008d3fffff] usable
Sep 22 15:33:23 kirk.sb.computer kernel: BIOS-e820: [mem 0x000000008d400000-0x000000008fffffff] reserved
Sep 22 15:33:23 kirk.sb.computer kernel: BIOS-e820: [mem 0x00000000e0000000-0x00000000efffffff] reserved
Sep 22 15:33:23 kirk.sb.computer kernel: BIOS-e820: [mem 0x00000000fe000000-0x00000000fe010fff] reserved
Sep 22 15:33:23 kirk.sb.computer kernel: BIOS-e820: [mem 0x00000000fec00000-0x00000000fec00fff] reserved
Sep 22 15:33:23 kirk.sb.computer kernel: BIOS-e820: [mem 0x00000000fed00000-0x00000000fed00fff] reserved
Sep 22 15:33:23 kirk.sb.computer kernel: BIOS-e820: [mem 0x00000000fee00000-0x00000000fee00fff] reserved
Sep 22 15:33:23 kirk.sb.computer kernel: BIOS-e820: [mem 0x00000000ff000000-0x00000000ffffffff] reserved
Sep 22 15:33:23 kirk.sb.computer kernel: BIOS-e820: [mem 0x0000000100000000-0x000000086dffffff] usable
Sep 22 15:33:23 kirk.sb.computer kernel: NX (Execute Disable) protection: active
Sep 22 15:33:23 kirk.sb.computer kernel: efi: EFI v2.50 by American Megatrends
Sep 22 15:33:23 kirk.sb.computer kernel: efi:  ACPI 2.0=0x8cc82000  ACPI=0x8cc82000  SMBIOS=0x8d342000  SMBIOS 3.0=0x8d341000  MPS=0xfca80  ESRT=0x8b39db98 
Sep 22 15:33:23 kirk.sb.computer kernel: SMBIOS 3.0.0 present.
Sep 22 15:33:23 kirk.sb.computer kernel: DMI:      /SKYBAY, BIOS 5.12 06/11/2021
Sep 22 15:33:23 kirk.sb.computer kernel: e820: update [mem 0x00000000-0x00000fff] usable ==> reserved
Sep 22 15:33:23 kirk.sb.computer kernel: e820: remove [mem 0x000a0000-0x000fffff] usable
Sep 22 15:33:23 kirk.sb.computer kernel: e820: last_pfn = 0x86e000 max_arch_pfn = 0x400000000
Sep 22 15:33:23 kirk.sb.computer kernel: MTRR default type: write-back
Sep 22 15:33:23 kirk.sb.computer kernel: MTRR fixed ranges enabled:
Sep 22 15:33:23 kirk.sb.computer kernel:   00000-9FFFF write-back
Sep 22 15:33:23 kirk.sb.computer kernel:   A0000-BFFFF uncachable
Sep 22 15:33:23 kirk.sb.computer kernel:   C0000-FFFFF write-protect
Sep 22 15:33:23 kirk.sb.computer kernel: MTRR variable ranges enabled:
Sep 22 15:33:23 kirk.sb.computer kernel:   0 base 00C0000000 mask 7FC0000000 uncachable
Sep 22 15:33:23 kirk.sb.computer kernel:   1 base 00A0000000 mask 7FE0000000 uncachable
Sep 22 15:33:23 kirk.sb.computer kernel:   2 base 0090000000 mask 7FF0000000 uncachable
Sep 22 15:33:23 kirk.sb.computer kernel:   3 base 008E000000 mask 7FFE000000 uncachable
Sep 22 15:33:23 kirk.sb.computer kernel:   4 base 008D800000 mask 7FFF800000 uncachable
Sep 22 15:33:23 kirk.sb.computer kernel:   5 disabled
Sep 22 15:33:23 kirk.sb.computer kernel:   6 disabled
Sep 22 15:33:23 kirk.sb.computer kernel:   7 disabled
Sep 22 15:33:23 kirk.sb.computer kernel:   8 disabled
Sep 22 15:33:23 kirk.sb.computer kernel:   9 disabled
Sep 22 15:33:23 kirk.sb.computer kernel: x86/PAT: Configuration [0-7]: WB  WC  UC- UC  WB  WC  UC- WT  
Sep 22 15:33:23 kirk.sb.computer kernel: e820: last_pfn = 0x8d400 max_arch_pfn = 0x400000000
Sep 22 15:33:23 kirk.sb.computer kernel: found SMP MP-table at [mem 0x000fcca0-0x000fccaf] mapped at [ffff8800000fcca0]
Sep 22 15:33:23 kirk.sb.computer kernel: esrt: Reserving ESRT space from 0x000000008b39db98 to 0x000000008b39dbd0.
Sep 22 15:33:23 kirk.sb.computer kernel: Scanning 1 areas for low memory corruption
Sep 22 15:33:23 kirk.sb.computer kernel: Base memory trampoline at [ffff880000095000] 95000 size 24576
Sep 22 15:33:23 kirk.sb.computer kernel: Using GB pages for direct mapping
Sep 22 15:33:23 kirk.sb.computer kernel: BRK [0x0e261000, 0x0e261fff] PGTABLE
Sep 22 15:33:23 kirk.sb.computer kernel: BRK [0x0e262000, 0x0e262fff] PGTABLE
Sep 22 15:33:23 kirk.sb.computer kernel: BRK [0x0e263000, 0x0e263fff] PGTABLE
Sep 22 15:33:23 kirk.sb.computer kernel: BRK [0x0e264000, 0x0e264fff] PGTABLE
Sep 22 15:33:23 kirk.sb.computer kernel: BRK [0x0e265000, 0x0e265fff] PGTABLE
Sep 22 15:33:23 kirk.sb.computer kernel: BRK [0x0e266000, 0x0e266fff] PGTABLE
Sep 22 15:33:23 kirk.sb.computer kernel: Secure boot could not be determined
Sep 22 15:33:23 kirk.sb.computer kernel: ACPI: Early table checksum verification disabled
Sep 22 15:33:23 kirk.sb.computer kernel: ACPI: RSDP 0x000000008CC82000 000024 (v02 ALASKA)
Sep 22 15:33:23 kirk.sb.computer kernel: ACPI: XSDT 0x000000008CC820B8 0000EC (v01 ALASKA A M I    01072009 AMI  00010013)
Sep 22 15:33:23 kirk.sb.computer kernel: ACPI: FACP 0x000000008CCAAA20 000114 (v06 ALASKA A M I    01072009 AMI  00010013)
Sep 22 15:33:23 kirk.sb.computer kernel: ACPI: DSDT 0x000000008CC82238 0287E2 (v02 ALASKA A M I    01072009 INTL 20160422)
Sep 22 15:33:23 kirk.sb.computer kernel: ACPI: FACS 0x000000008D02CC40 000040
Sep 22 15:33:23 kirk.sb.computer kernel: ACPI: APIC 0x000000008CCAAB38 0000BC (v03 ALASKA A M I    01072009 AMI  00010013)
Sep 22 15:33:23 kirk.sb.computer kernel: ACPI: FPDT 0x000000008CCAABF8 000044 (v01 ALASKA A M I    01072009 AMI  00010013)
Sep 22 15:33:23 kirk.sb.computer kernel: ACPI: TCPA 0x000000008CCAAC40 000032 (v02 ALASKA NAPAASF  00000000 MSFT 01000013)
Sep 22 15:33:23 kirk.sb.computer kernel: ACPI: MCFG 0x000000008CCAAC78 00003C (v01 ALASKA A M I    01072009 MSFT 00000097)
Sep 22 15:33:23 kirk.sb.computer kernel: ACPI: SSDT 0x000000008CCAACB8 0003BC (v01 SataRe SataTabl 00001000 INTL 20160422)
Sep 22 15:33:23 kirk.sb.computer kernel: ACPI: FIDT 0x000000008CCAB078 00009C (v01 ALASKA A M I    01072009 AMI  00010013)
Sep 22 15:33:23 kirk.sb.computer kernel: ACPI: SSDT 0x000000008CCAB118 003159 (v02 SaSsdt SaSsdt   00003000 INTL 20160422)
Sep 22 15:33:23 kirk.sb.computer kernel: ACPI: SSDT 0x000000008CCAE278 002599 (v02 PegSsd PegSsdt  00001000 INTL 20160422)
Sep 22 15:33:23 kirk.sb.computer kernel: ACPI: HPET 0x000000008CCB0818 000038 (v01 INTEL  KBL      00000001 MSFT 0000005F)
Sep 22 15:33:23 kirk.sb.computer kernel: ACPI: SSDT 0x000000008CCB0850 000DE5 (v02 INTEL  Ther_Rvp 00001000 INTL 20160422)
Sep 22 15:33:23 kirk.sb.computer kernel: ACPI: SSDT 0x000000008CCB1638 000A2E (v02 INTEL  xh_rvp08 00000000 INTL 20160422)
Sep 22 15:33:23 kirk.sb.computer kernel: ACPI: UEFI 0x000000008CCB2068 000042 (v01 INTEL  EDK2     00000002      01000013)
Sep 22 15:33:23 kirk.sb.computer kernel: ACPI: SSDT 0x000000008CCB20B0 000EDE (v02 CpuRef CpuSsdt  00003000 INTL 20160422)
Sep 22 15:33:23 kirk.sb.computer kernel: ACPI: LPIT 0x000000008CCB2F90 000094 (v01 INTEL  KBL      00000000 MSFT 0000005F)
Sep 22 15:33:23 kirk.sb.computer kernel: ACPI: WSMT 0x000000008CCB3028 000028 (v01 INTEL  KBL      00000000 MSFT 0000005F)
Sep 22 15:33:23 kirk.sb.computer kernel: ACPI: SSDT 0x000000008CCB3050 000141 (v02 INTEL  HdaDsp   00000000 INTL 20160422)
Sep 22 15:33:23 kirk.sb.computer kernel: ACPI: SSDT 0x000000008CCB3198 00029F (v02 INTEL  sensrhub 00000000 INTL 20160422)
Sep 22 15:33:23 kirk.sb.computer kernel: ACPI: SSDT 0x000000008CCB3438 003002 (v02 INTEL  PtidDevc 00001000 INTL 20160422)
Sep 22 15:33:23 kirk.sb.computer kernel: ACPI: SSDT 0x000000008CCB6440 000215 (v02 INTEL  TbtTypeC 00000000 INTL 20160422)
Sep 22 15:33:23 kirk.sb.computer kernel: ACPI: DBGP 0x000000008CCB6658 000034 (v01 INTEL           00000002 MSFT 0000005F)
Sep 22 15:33:23 kirk.sb.computer kernel: ACPI: DBG2 0x000000008CCB6690 000054 (v00 INTEL           00000002 MSFT 0000005F)
Sep 22 15:33:23 kirk.sb.computer kernel: ACPI: BGRT 0x000000008CCB66E8 000038 (v01 ALASKA A M I    01072009 AMI  00010013)
Sep 22 15:33:23 kirk.sb.computer kernel: ACPI: DMAR 0x000000008CCB6720 0000A8 (v01 INTEL  KBL      00000001 INTL 00000001)
Sep 22 15:33:23 kirk.sb.computer kernel: ACPI: ASF! 0x000000008CCB67C8 0000A0 (v32 INTEL   HCG     00000001 TFSM 000F4240)
Sep 22 15:33:23 kirk.sb.computer kernel: ACPI: Local APIC address 0xfee00000
Sep 22 15:33:23 kirk.sb.computer kernel: No NUMA configuration found
Sep 22 15:33:23 kirk.sb.computer kernel: Faking a node at [mem 0x0000000000000000-0x000000086dffffff]
Sep 22 15:33:23 kirk.sb.computer kernel: NODE_DATA(0) allocated [mem 0x86dffa000-0x86dffdfff]
Sep 22 15:33:23 kirk.sb.computer kernel: Zone ranges:
Sep 22 15:33:23 kirk.sb.computer kernel:   DMA      [mem 0x0000000000001000-0x0000000000ffffff]
Sep 22 15:33:23 kirk.sb.computer kernel:   DMA32    [mem 0x0000000001000000-0x00000000ffffffff]
Sep 22 15:33:23 kirk.sb.computer kernel:   Normal   [mem 0x0000000100000000-0x000000086dffffff]
Sep 22 15:33:23 kirk.sb.computer kernel: Movable zone start for each node
Sep 22 15:33:23 kirk.sb.computer kernel: Early memory node ranges
Sep 22 15:33:23 kirk.sb.computer kernel:   node   0: [mem 0x0000000000001000-0x0000000000057fff]
Sep 22 15:33:23 kirk.sb.computer kernel:   node   0: [mem 0x0000000000059000-0x000000000009efff]
Sep 22 15:33:23 kirk.sb.computer kernel:   node   0: [mem 0x0000000000100000-0x0000000085a10fff]
Sep 22 15:33:23 kirk.sb.computer kernel:   node   0: [mem 0x0000000085a13000-0x000000008c495fff]
Sep 22 15:33:23 kirk.sb.computer kernel:   node   0: [mem 0x000000008d3ff000-0x000000008d3fffff]
Sep 22 15:33:23 kirk.sb.computer kernel:   node   0: [mem 0x0000000100000000-0x000000086dffffff]
Sep 22 15:33:23 kirk.sb.computer kernel: Initmem setup node 0 [mem 0x0000000000001000-0x000000086dffffff]
Sep 22 15:33:23 kirk.sb.computer kernel: On node 0 totalpages: 8365106
Sep 22 15:33:23 kirk.sb.computer kernel:   DMA zone: 64 pages used for memmap
Sep 22 15:33:23 kirk.sb.computer kernel:   DMA zone: 27 pages reserved
Sep 22 15:33:23 kirk.sb.computer kernel:   DMA zone: 3997 pages, LIFO batch:0
Sep 22 15:33:23 kirk.sb.computer kernel:   DMA32 zone: 8915 pages used for memmap
Sep 22 15:33:23 kirk.sb.computer kernel:   DMA32 zone: 570517 pages, LIFO batch:31
Sep 22 15:33:23 kirk.sb.computer kernel:   Normal zone: 121728 pages used for memmap
Sep 22 15:33:23 kirk.sb.computer kernel:   Normal zone: 7790592 pages, LIFO batch:31
Sep 22 15:33:23 kirk.sb.computer kernel: Reserving Intel graphics memory at 0x000000008e000000-0x000000008fffffff
Sep 22 15:33:23 kirk.sb.computer kernel: ACPI: PM-Timer IO Port: 0x1808
Sep 22 15:33:23 kirk.sb.computer kernel: ACPI: Local APIC address 0xfee00000
Sep 22 15:33:23 kirk.sb.computer kernel: ACPI: LAPIC_NMI (acpi_id[0x01] high edge lint[0x1])
Sep 22 15:33:23 kirk.sb.computer kernel: ACPI: LAPIC_NMI (acpi_id[0x02] high edge lint[0x1])
Sep 22 15:33:23 kirk.sb.computer kernel: ACPI: LAPIC_NMI (acpi_id[0x03] high edge lint[0x1])
Sep 22 15:33:23 kirk.sb.computer kernel: ACPI: LAPIC_NMI (acpi_id[0x04] high edge lint[0x1])
Sep 22 15:33:23 kirk.sb.computer kernel: ACPI: LAPIC_NMI (acpi_id[0x05] high edge lint[0x1])
Sep 22 15:33:23 kirk.sb.computer kernel: ACPI: LAPIC_NMI (acpi_id[0x06] high edge lint[0x1])
Sep 22 15:33:23 kirk.sb.computer kernel: ACPI: LAPIC_NMI (acpi_id[0x07] high edge lint[0x1])
Sep 22 15:33:23 kirk.sb.computer kernel: ACPI: LAPIC_NMI (acpi_id[0x08] high edge lint[0x1])
Sep 22 15:33:23 kirk.sb.computer kernel: IOAPIC[0]: apic_id 2, version 32, address 0xfec00000, GSI 0-119
Sep 22 15:33:23 kirk.sb.computer kernel: ACPI: INT_SRC_OVR (bus 0 bus_irq 0 global_irq 2 dfl dfl)
Sep 22 15:33:23 kirk.sb.computer kernel: ACPI: INT_SRC_OVR (bus 0 bus_irq 9 global_irq 9 high level)
Sep 22 15:33:23 kirk.sb.computer kernel: ACPI: IRQ0 used by override.
Sep 22 15:33:23 kirk.sb.computer kernel: ACPI: IRQ9 used by override.
Sep 22 15:33:23 kirk.sb.computer kernel: Using ACPI (MADT) for SMP configuration information
Sep 22 15:33:23 kirk.sb.computer kernel: ACPI: HPET id: 0x8086a201 base: 0xfed00000
Sep 22 15:33:23 kirk.sb.computer kernel: smpboot: Allowing 8 CPUs, 0 hotplug CPUs
Sep 22 15:33:23 kirk.sb.computer kernel: PM: Registered nosave memory: [mem 0x00000000-0x00000fff]
Sep 22 15:33:23 kirk.sb.computer kernel: PM: Registered nosave memory: [mem 0x00058000-0x00058fff]
Sep 22 15:33:23 kirk.sb.computer kernel: PM: Registered nosave memory: [mem 0x0009f000-0x000fffff]
Sep 22 15:33:23 kirk.sb.computer kernel: PM: Registered nosave memory: [mem 0x85a11000-0x85a11fff]
Sep 22 15:33:23 kirk.sb.computer kernel: PM: Registered nosave memory: [mem 0x85a12000-0x85a12fff]
Sep 22 15:33:23 kirk.sb.computer kernel: PM: Registered nosave memory: [mem 0x8c496000-0x8c805fff]
Sep 22 15:33:23 kirk.sb.computer kernel: PM: Registered nosave memory: [mem 0x8c806000-0x8c84dfff]
Sep 22 15:33:23 kirk.sb.computer kernel: PM: Registered nosave memory: [mem 0x8c84e000-0x8d02cfff]
Sep 22 15:33:23 kirk.sb.computer kernel: PM: Registered nosave memory: [mem 0x8d02d000-0x8d3fefff]
Sep 22 15:33:23 kirk.sb.computer kernel: PM: Registered nosave memory: [mem 0x8d400000-0x8fffffff]
Sep 22 15:33:23 kirk.sb.computer kernel: PM: Registered nosave memory: [mem 0x90000000-0xdfffffff]
Sep 22 15:33:23 kirk.sb.computer kernel: PM: Registered nosave memory: [mem 0xe0000000-0xefffffff]
Sep 22 15:33:23 kirk.sb.computer kernel: PM: Registered nosave memory: [mem 0xf0000000-0xfdffffff]
Sep 22 15:33:23 kirk.sb.computer kernel: PM: Registered nosave memory: [mem 0xfe000000-0xfe010fff]
Sep 22 15:33:23 kirk.sb.computer kernel: PM: Registered nosave memory: [mem 0xfe011000-0xfebfffff]
Sep 22 15:33:23 kirk.sb.computer kernel: PM: Registered nosave memory: [mem 0xfec00000-0xfec00fff]
Sep 22 15:33:23 kirk.sb.computer kernel: PM: Registered nosave memory: [mem 0xfec01000-0xfecfffff]
Sep 22 15:33:23 kirk.sb.computer kernel: PM: Registered nosave memory: [mem 0xfed00000-0xfed00fff]
Sep 22 15:33:23 kirk.sb.computer kernel: PM: Registered nosave memory: [mem 0xfed01000-0xfedfffff]
Sep 22 15:33:23 kirk.sb.computer kernel: PM: Registered nosave memory: [mem 0xfee00000-0xfee00fff]
Sep 22 15:33:23 kirk.sb.computer kernel: PM: Registered nosave memory: [mem 0xfee01000-0xfeffffff]
Sep 22 15:33:23 kirk.sb.computer kernel: PM: Registered nosave memory: [mem 0xff000000-0xffffffff]
Sep 22 15:33:23 kirk.sb.computer kernel: e820: [mem 0x90000000-0xdfffffff] available for PCI devices
Sep 22 15:33:23 kirk.sb.computer kernel: clocksource: refined-jiffies: mask: 0xffffffff max_cycles: 0xffffffff, max_idle_ns: 1910969940391419 ns
Sep 22 15:33:23 kirk.sb.computer kernel: setup_percpu: NR_CPUS:64 nr_cpumask_bits:64 nr_cpu_ids:8 nr_node_ids:1
Sep 22 15:33:23 kirk.sb.computer kernel: percpu: Embedded 36 pages/cpu @ffff88086dc00000 s108440 r8192 d30824 u262144
Sep 22 15:33:23 kirk.sb.computer kernel: pcpu-alloc: s108440 r8192 d30824 u262144 alloc=1*2097152
Sep 22 15:33:23 kirk.sb.computer kernel: pcpu-alloc: [0] 0 1 2 3 4 5 6 7 
Sep 22 15:33:23 kirk.sb.computer kernel: Built 1 zonelists in Node order, mobility grouping on.  Total pages: 8234372
Sep 22 15:33:23 kirk.sb.computer kernel: Policy zone: Normal
Sep 22 15:33:23 kirk.sb.computer kernel: Kernel command line: BOOT_IMAGE=/kirk.img rootfstype=ramdisk console=tty1 nomodeset kirkboot 4d70b6e6-262a-405e-b5d1-2444e6f0d643 fce9010d-ebd9-4f79-8231-144168409a51 c1ff3aba-bca7-40c3-8e39-a8592c88101c fdcaf2b5-299d-4ea5-96d3-65fdf4338cde
Sep 22 15:33:23 kirk.sb.computer kernel: PID hash table entries: 4096 (order: 3, 32768 bytes)
Sep 22 15:33:23 kirk.sb.computer kernel: Calgary: detecting Calgary via BIOS EBDA area
Sep 22 15:33:23 kirk.sb.computer kernel: Calgary: Unable to locate Rio Grande table in EBDA - bailing!
Sep 22 15:33:23 kirk.sb.computer kernel: Memory: 32686340K/33460424K available (9678K kernel code, 1288K rwdata, 2912K rodata, 96680K init, 672K bss, 774084K reserved, 0K cma-reserved)
Sep 22 15:33:23 kirk.sb.computer kernel: SLUB: HWalign=64, Order=0-3, MinObjects=0, CPUs=8, Nodes=1
Sep 22 15:33:23 kirk.sb.computer kernel: Hierarchical RCU implementation.
Sep 22 15:33:23 kirk.sb.computer kernel:         RCU debugfs-based tracing is enabled.
Sep 22 15:33:23 kirk.sb.computer kernel:         Build-time adjustment of leaf fanout to 64.
Sep 22 15:33:23 kirk.sb.computer kernel:         RCU restricting CPUs from NR_CPUS=64 to nr_cpu_ids=8.
Sep 22 15:33:23 kirk.sb.computer kernel: RCU: Adjusting geometry for rcu_fanout_leaf=64, nr_cpu_ids=8
Sep 22 15:33:23 kirk.sb.computer kernel: NR_IRQS:4352 nr_irqs:2048 16
Sep 22 15:33:23 kirk.sb.computer kernel: Console: colour dummy device 80x25
Sep 22 15:33:23 kirk.sb.computer kernel: console [tty1] enabled
Sep 22 15:33:23 kirk.sb.computer kernel: clocksource: hpet: mask: 0xffffffff max_cycles: 0xffffffff, max_idle_ns: 79635855245 ns
Sep 22 15:33:23 kirk.sb.computer kernel: hpet clockevent registered
Sep 22 15:33:23 kirk.sb.computer kernel: tsc: Detected 3800.000 MHz processor
Sep 22 15:33:23 kirk.sb.computer kernel: Calibrating delay loop (skipped), value calculated using timer frequency.. 7584.00 BogoMIPS (lpj=3792000)
Sep 22 15:33:23 kirk.sb.computer kernel: pid_max: default: 32768 minimum: 301
Sep 22 15:33:23 kirk.sb.computer kernel: ACPI: Core revision 20170119
Sep 22 15:33:23 kirk.sb.computer kernel: ACPI: 11 ACPI AML tables successfully acquired and loaded
Sep 22 15:33:23 kirk.sb.computer kernel: Security Framework initialized
Sep 22 15:33:23 kirk.sb.computer kernel: SELinux:  Initializing.
Sep 22 15:33:23 kirk.sb.computer kernel: SELinux:  Starting in permissive mode
Sep 22 15:33:23 kirk.sb.computer kernel: Dentry cache hash table entries: 4194304 (order: 13, 33554432 bytes)
Sep 22 15:33:23 kirk.sb.computer kernel: Inode-cache hash table entries: 2097152 (order: 12, 16777216 bytes)
Sep 22 15:33:23 kirk.sb.computer kernel: Mount-cache hash table entries: 65536 (order: 7, 524288 bytes)
Sep 22 15:33:23 kirk.sb.computer kernel: Mountpoint-cache hash table entries: 65536 (order: 7, 524288 bytes)
Sep 22 15:33:23 kirk.sb.computer kernel: CPU: Physical Processor ID: 0
Sep 22 15:33:23 kirk.sb.computer kernel: CPU: Processor Core ID: 0
Sep 22 15:33:23 kirk.sb.computer kernel: ENERGY_PERF_BIAS: Set to 'normal', was 'performance'
Sep 22 15:33:23 kirk.sb.computer kernel: ENERGY_PERF_BIAS: View and update with x86_energy_perf_policy(8)
Sep 22 15:33:23 kirk.sb.computer kernel: mce: CPU supports 10 MCE banks
Sep 22 15:33:23 kirk.sb.computer kernel: CPU0: Thermal monitoring enabled (TM1)
Sep 22 15:33:23 kirk.sb.computer kernel: process: using mwait in idle threads
Sep 22 15:33:23 kirk.sb.computer kernel: Last level iTLB entries: 4KB 64, 2MB 8, 4MB 8
Sep 22 15:33:23 kirk.sb.computer kernel: Last level dTLB entries: 4KB 64, 2MB 0, 4MB 0, 1GB 4
Sep 22 15:33:23 kirk.sb.computer kernel: Freeing SMP alternatives memory: 36K
Sep 22 15:33:23 kirk.sb.computer kernel: smpboot: Max logical packages: 2
Sep 22 15:33:23 kirk.sb.computer kernel: ..TIMER: vector=0x30 apic1=0 pin1=2 apic2=-1 pin2=-1
Sep 22 15:33:23 kirk.sb.computer kernel: TSC deadline timer enabled
Sep 22 15:33:23 kirk.sb.computer kernel: smpboot: CPU0: Intel(R) Xeon(R) CPU E3-1275 v6 @ 3.80GHz (family: 0x6, model: 0x9e, stepping: 0x9)
Sep 22 15:33:23 kirk.sb.computer kernel: Performance Events: PEBS fmt3+, Skylake events, 32-deep LBR, full-width counters, Intel PMU driver.
Sep 22 15:33:23 kirk.sb.computer kernel: ... version:                4
Sep 22 15:33:23 kirk.sb.computer kernel: ... bit width:              48
Sep 22 15:33:23 kirk.sb.computer kernel: ... generic registers:      4
Sep 22 15:33:23 kirk.sb.computer kernel: ... value mask:             0000ffffffffffff
Sep 22 15:33:23 kirk.sb.computer kernel: ... max period:             00007fffffffffff
Sep 22 15:33:23 kirk.sb.computer kernel: ... fixed-purpose events:   3
Sep 22 15:33:23 kirk.sb.computer kernel: ... event mask:             000000070000000f
Sep 22 15:33:23 kirk.sb.computer kernel: smp: Bringing up secondary CPUs ...
Sep 22 15:33:23 kirk.sb.computer kernel: x86: Booting SMP configuration:
Sep 22 15:33:23 kirk.sb.computer kernel: .... node  #0, CPUs:      #1 #2 #3 #4 #5 #6 #7
Sep 22 15:33:23 kirk.sb.computer kernel: smp: Brought up 1 node, 8 CPUs
Sep 22 15:33:23 kirk.sb.computer kernel: smpboot: Total of 8 processors activated (60699.76 BogoMIPS)
Sep 22 15:33:23 kirk.sb.computer kernel: sched_clock: Marking stable (464000000, 0)->(468711836, -4711836)
Sep 22 15:33:23 kirk.sb.computer kernel: devtmpfs: initialized
Sep 22 15:33:23 kirk.sb.computer kernel: PM: Registering ACPI NVS region [mem 0x85a11000-0x85a11fff] (4096 bytes)
Sep 22 15:33:23 kirk.sb.computer kernel: PM: Registering ACPI NVS region [mem 0x8c84e000-0x8d02cfff] (8253440 bytes)
Sep 22 15:33:23 kirk.sb.computer kernel: clocksource: jiffies: mask: 0xffffffff max_cycles: 0xffffffff, max_idle_ns: 1911260446275000 ns
Sep 22 15:33:23 kirk.sb.computer kernel: futex hash table entries: 2048 (order: 5, 131072 bytes)
Sep 22 15:33:23 kirk.sb.computer kernel: kworker/u16:0 (50) used greatest stack depth: 14080 bytes left
Sep 22 15:33:23 kirk.sb.computer kernel: RTC time: 19:33:21, date: 09/22/23
Sep 22 15:33:23 kirk.sb.computer kernel: NET: Registered protocol family 16
Sep 22 15:33:23 kirk.sb.computer kernel: cpuidle: using governor menu
Sep 22 15:33:23 kirk.sb.computer kernel: PCCT header not found.
Sep 22 15:33:23 kirk.sb.computer kernel: ACPI: bus type PCI registered
Sep 22 15:33:23 kirk.sb.computer kernel: PCI: MMCONFIG for domain 0000 [bus 00-ff] at [mem 0xe0000000-0xefffffff] (base 0xe0000000)
Sep 22 15:33:23 kirk.sb.computer kernel: PCI: MMCONFIG at [mem 0xe0000000-0xefffffff] reserved in E820
Sep 22 15:33:23 kirk.sb.computer kernel: PCI: Using configuration type 1 for base access
Sep 22 15:33:23 kirk.sb.computer kernel: HugeTLB registered 2 MB page size, pre-allocated 0 pages
Sep 22 15:33:23 kirk.sb.computer kernel: ACPI: Added _OSI(Module Device)
Sep 22 15:33:23 kirk.sb.computer kernel: ACPI: Added _OSI(Processor Device)
Sep 22 15:33:23 kirk.sb.computer kernel: ACPI: Added _OSI(3.0 _SCP Extensions)
Sep 22 15:33:23 kirk.sb.computer kernel: ACPI: Added _OSI(Processor Aggregator Device)
Sep 22 15:33:23 kirk.sb.computer kernel: ACPI: Executed 38 blocks of module-level executable AML code
Sep 22 15:33:23 kirk.sb.computer kernel: ACPI: [Firmware Bug]: BIOS _OSI(Linux) query ignored
Sep 22 15:33:23 kirk.sb.computer kernel: ACPI: Dynamic OEM Table Load:
Sep 22 15:33:23 kirk.sb.computer kernel: ACPI: SSDT 0xFFFF88084985A800 00079B (v02 PmRef  Cpu0Ist  00003000 INTL 20160422)
Sep 22 15:33:23 kirk.sb.computer kernel: ACPI: Executed 1 blocks of module-level executable AML code
Sep 22 15:33:23 kirk.sb.computer kernel: ACPI: \_PR_.CPU0: _OSC native thermal LVT Acked
Sep 22 15:33:23 kirk.sb.computer kernel: ACPI: Dynamic OEM Table Load:
Sep 22 15:33:23 kirk.sb.computer kernel: ACPI: SSDT 0xFFFF880849A61800 000115 (v02 PmRef  Cpu0Hwp  00003000 INTL 20160422)
Sep 22 15:33:23 kirk.sb.computer kernel: ACPI: Executed 1 blocks of module-level executable AML code
Sep 22 15:33:23 kirk.sb.computer kernel: ACPI: Dynamic OEM Table Load:
Sep 22 15:33:23 kirk.sb.computer kernel: ACPI: SSDT 0xFFFF880849A61A00 0001A4 (v02 PmRef  HwpLvt   00003000 INTL 20160422)
Sep 22 15:33:23 kirk.sb.computer kernel: ACPI: Executed 1 blocks of module-level executable AML code
Sep 22 15:33:23 kirk.sb.computer kernel: ACPI: Dynamic OEM Table Load:
Sep 22 15:33:23 kirk.sb.computer kernel: ACPI: SSDT 0xFFFF88084985B000 00065C (v02 PmRef  ApIst    00003000 INTL 20160422)
Sep 22 15:33:23 kirk.sb.computer kernel: ACPI: Executed 1 blocks of module-level executable AML code
Sep 22 15:33:23 kirk.sb.computer kernel: ACPI: Dynamic OEM Table Load:
Sep 22 15:33:23 kirk.sb.computer kernel: ACPI: SSDT 0xFFFF880849A61C00 000197 (v02 PmRef  ApHwp    00003000 INTL 20160422)
Sep 22 15:33:23 kirk.sb.computer kernel: ACPI: Executed 1 blocks of module-level executable AML code
Sep 22 15:33:23 kirk.sb.computer kernel: ACPI: Interpreter enabled
Sep 22 15:33:23 kirk.sb.computer kernel: ACPI: (supports S0 S3 S4 S5)
Sep 22 15:33:23 kirk.sb.computer kernel: ACPI: Using IOAPIC for interrupt routing
Sep 22 15:33:23 kirk.sb.computer kernel: PCI: Using host bridge windows from ACPI; if necessary, use "pci=nocrs" and report a bug
Sep 22 15:33:23 kirk.sb.computer kernel: ACPI: Power Resource [PG00] (on)
Sep 22 15:33:23 kirk.sb.computer kernel: ACPI: Power Resource [PG01] (on)
Sep 22 15:33:23 kirk.sb.computer kernel: ACPI: Power Resource [PG02] (on)
Sep 22 15:33:23 kirk.sb.computer kernel: ACPI: Power Resource [WRST] (on)
Sep 22 15:33:23 kirk.sb.computer kernel: ACPI: Power Resource [WRST] (on)
Sep 22 15:33:23 kirk.sb.computer kernel: ACPI: Power Resource [WRST] (on)
Sep 22 15:33:23 kirk.sb.computer kernel: ACPI: Power Resource [WRST] (on)
Sep 22 15:33:23 kirk.sb.computer kernel: ACPI: Power Resource [WRST] (on)
Sep 22 15:33:23 kirk.sb.computer kernel: ACPI: Power Resource [WRST] (on)
Sep 22 15:33:23 kirk.sb.computer kernel: ACPI: Power Resource [WRST] (on)
Sep 22 15:33:23 kirk.sb.computer kernel: ACPI: Power Resource [WRST] (on)
Sep 22 15:33:23 kirk.sb.computer kernel: ACPI: Power Resource [WRST] (on)
Sep 22 15:33:23 kirk.sb.computer kernel: ACPI: Power Resource [WRST] (on)
Sep 22 15:33:23 kirk.sb.computer kernel: ACPI: Power Resource [WRST] (on)
Sep 22 15:33:23 kirk.sb.computer kernel: ACPI: Power Resource [WRST] (on)
Sep 22 15:33:23 kirk.sb.computer kernel: ACPI: Power Resource [WRST] (on)
Sep 22 15:33:23 kirk.sb.computer kernel: ACPI: Power Resource [WRST] (on)
Sep 22 15:33:23 kirk.sb.computer kernel: ACPI: Power Resource [WRST] (on)
Sep 22 15:33:23 kirk.sb.computer kernel: ACPI: Power Resource [WRST] (on)
Sep 22 15:33:23 kirk.sb.computer kernel: ACPI: Power Resource [WRST] (on)
Sep 22 15:33:23 kirk.sb.computer kernel: ACPI: Power Resource [WRST] (on)
Sep 22 15:33:23 kirk.sb.computer kernel: ACPI: Power Resource [WRST] (on)
Sep 22 15:33:23 kirk.sb.computer kernel: ACPI: Power Resource [WRST] (on)
Sep 22 15:33:23 kirk.sb.computer kernel: ACPI: Power Resource [FN00] (off)
Sep 22 15:33:23 kirk.sb.computer kernel: ACPI: Power Resource [FN01] (off)
Sep 22 15:33:23 kirk.sb.computer kernel: ACPI: Power Resource [FN02] (off)
Sep 22 15:33:23 kirk.sb.computer kernel: ACPI: Power Resource [FN03] (off)
Sep 22 15:33:23 kirk.sb.computer kernel: ACPI: Power Resource [FN04] (off)
Sep 22 15:33:23 kirk.sb.computer kernel: ACPI: PCI Root Bridge [PCI0] (domain 0000 [bus 00-fe])
Sep 22 15:33:23 kirk.sb.computer kernel: acpi PNP0A08:00: _OSC: OS supports [ExtendedConfig ASPM ClockPM Segments MSI]
Sep 22 15:33:23 kirk.sb.computer kernel: acpi PNP0A08:00: _OSC: OS now controls [PCIeHotplug PME AER PCIeCapability]
Sep 22 15:33:23 kirk.sb.computer kernel: PCI host bridge to bus 0000:00
Sep 22 15:33:23 kirk.sb.computer kernel: pci_bus 0000:00: root bus resource [io  0x0000-0x0cf7 window]
Sep 22 15:33:23 kirk.sb.computer kernel: pci_bus 0000:00: root bus resource [io  0x0d00-0xffff window]
Sep 22 15:33:23 kirk.sb.computer kernel: pci_bus 0000:00: root bus resource [mem 0x000a0000-0x000bffff window]
Sep 22 15:33:23 kirk.sb.computer kernel: pci_bus 0000:00: root bus resource [mem 0x90000000-0xdfffffff window]
Sep 22 15:33:23 kirk.sb.computer kernel: pci_bus 0000:00: root bus resource [mem 0xfd000000-0xfe7fffff window]
Sep 22 15:33:23 kirk.sb.computer kernel: pci_bus 0000:00: root bus resource [bus 00-fe]
Sep 22 15:33:23 kirk.sb.computer kernel: pci 0000:00:00.0: [8086:5918] type 00 class 0x060000
Sep 22 15:33:23 kirk.sb.computer kernel: pci 0000:00:02.0: [8086:591d] type 00 class 0x030000
Sep 22 15:33:23 kirk.sb.computer kernel: pci 0000:00:02.0: reg 0x10: [mem 0xde000000-0xdeffffff 64bit]
Sep 22 15:33:23 kirk.sb.computer kernel: pci 0000:00:02.0: reg 0x18: [mem 0xc0000000-0xcfffffff 64bit pref]
Sep 22 15:33:23 kirk.sb.computer kernel: pci 0000:00:02.0: reg 0x20: [io  0xf000-0xf03f]
Sep 22 15:33:23 kirk.sb.computer kernel: pci 0000:00:14.0: [8086:a12f] type 00 class 0x0c0330
Sep 22 15:33:23 kirk.sb.computer kernel: pci 0000:00:14.0: reg 0x10: [mem 0xdf130000-0xdf13ffff 64bit]
Sep 22 15:33:23 kirk.sb.computer kernel: pci 0000:00:14.0: PME# supported from D3hot D3cold
Sep 22 15:33:23 kirk.sb.computer kernel: pci 0000:00:14.0: System wakeup disabled by ACPI
Sep 22 15:33:23 kirk.sb.computer kernel: pci 0000:00:14.2: [8086:a131] type 00 class 0x118000
Sep 22 15:33:23 kirk.sb.computer kernel: pci 0000:00:14.2: reg 0x10: [mem 0xdf14f000-0xdf14ffff 64bit]
Sep 22 15:33:23 kirk.sb.computer kernel: pci 0000:00:16.0: [8086:a13a] type 00 class 0x078000
Sep 22 15:33:23 kirk.sb.computer kernel: pci 0000:00:16.0: reg 0x10: [mem 0xdf14e000-0xdf14efff 64bit]
Sep 22 15:33:23 kirk.sb.computer kernel: pci 0000:00:16.0: PME# supported from D3hot
Sep 22 15:33:23 kirk.sb.computer kernel: pci 0000:00:16.3: [8086:a13d] type 00 class 0x070002
Sep 22 15:33:23 kirk.sb.computer kernel: pci 0000:00:16.3: reg 0x10: [io  0xf0a0-0xf0a7]
Sep 22 15:33:23 kirk.sb.computer kernel: pci 0000:00:16.3: reg 0x14: [mem 0xdf14d000-0xdf14dfff]
Sep 22 15:33:23 kirk.sb.computer kernel: pci 0000:00:17.0: [8086:a102] type 00 class 0x010601
Sep 22 15:33:23 kirk.sb.computer kernel: pci 0000:00:17.0: reg 0x10: [mem 0xdf148000-0xdf149fff]
Sep 22 15:33:23 kirk.sb.computer kernel: pci 0000:00:17.0: reg 0x14: [mem 0xdf14c000-0xdf14c0ff]
Sep 22 15:33:23 kirk.sb.computer kernel: pci 0000:00:17.0: reg 0x18: [io  0xf090-0xf097]
Sep 22 15:33:23 kirk.sb.computer kernel: pci 0000:00:17.0: reg 0x1c: [io  0xf080-0xf083]
Sep 22 15:33:23 kirk.sb.computer kernel: pci 0000:00:17.0: reg 0x20: [io  0xf060-0xf07f]
Sep 22 15:33:23 kirk.sb.computer kernel: pci 0000:00:17.0: reg 0x24: [mem 0xdf14b000-0xdf14b7ff]
Sep 22 15:33:23 kirk.sb.computer kernel: pci 0000:00:17.0: PME# supported from D3hot
Sep 22 15:33:23 kirk.sb.computer kernel: pci 0000:00:1c.0: [8086:a116] type 01 class 0x060400
Sep 22 15:33:23 kirk.sb.computer kernel: pci 0000:00:1c.0: PME# supported from D0 D3hot D3cold
Sep 22 15:33:23 kirk.sb.computer kernel: pci 0000:00:1c.0: System wakeup disabled by ACPI
Sep 22 15:33:23 kirk.sb.computer kernel: pci 0000:00:1f.0: [8086:a149] type 00 class 0x060100
Sep 22 15:33:23 kirk.sb.computer kernel: pci 0000:00:1f.2: [8086:a121] type 00 class 0x058000
Sep 22 15:33:23 kirk.sb.computer kernel: pci 0000:00:1f.2: reg 0x10: [mem 0xdf144000-0xdf147fff]
Sep 22 15:33:23 kirk.sb.computer kernel: pci 0000:00:1f.3: [8086:a170] type 00 class 0x040300
Sep 22 15:33:23 kirk.sb.computer kernel: pci 0000:00:1f.3: reg 0x10: [mem 0xdf140000-0xdf143fff 64bit]
Sep 22 15:33:23 kirk.sb.computer kernel: pci 0000:00:1f.3: reg 0x20: [mem 0xdf120000-0xdf12ffff 64bit]
Sep 22 15:33:23 kirk.sb.computer kernel: pci 0000:00:1f.3: PME# supported from D3hot D3cold
Sep 22 15:33:23 kirk.sb.computer kernel: pci 0000:00:1f.3: System wakeup disabled by ACPI
Sep 22 15:33:23 kirk.sb.computer kernel: pci 0000:00:1f.4: [8086:a123] type 00 class 0x0c0500
Sep 22 15:33:23 kirk.sb.computer kernel: pci 0000:00:1f.4: reg 0x10: [mem 0xdf14a000-0xdf14a0ff 64bit]
Sep 22 15:33:23 kirk.sb.computer kernel: pci 0000:00:1f.4: reg 0x20: [io  0xf040-0xf05f]
Sep 22 15:33:23 kirk.sb.computer kernel: pci 0000:00:1f.6: [8086:15b7] type 00 class 0x020000
Sep 22 15:33:23 kirk.sb.computer kernel: pci 0000:00:1f.6: reg 0x10: [mem 0xdf100000-0xdf11ffff]
Sep 22 15:33:23 kirk.sb.computer kernel: pci 0000:00:1f.6: PME# supported from D0 D3hot D3cold
Sep 22 15:33:23 kirk.sb.computer kernel: pci 0000:00:1f.6: System wakeup disabled by ACPI
Sep 22 15:33:23 kirk.sb.computer kernel: pci 0000:01:00.0: [8086:1539] type 00 class 0x020000
Sep 22 15:33:23 kirk.sb.computer kernel: pci 0000:01:00.0: reg 0x10: [mem 0xdf000000-0xdf01ffff]
Sep 22 15:33:23 kirk.sb.computer kernel: pci 0000:01:00.0: reg 0x18: [io  0xe000-0xe01f]
Sep 22 15:33:23 kirk.sb.computer kernel: pci 0000:01:00.0: reg 0x1c: [mem 0xdf020000-0xdf023fff]
Sep 22 15:33:23 kirk.sb.computer kernel: pci 0000:01:00.0: PME# supported from D0 D3hot D3cold
Sep 22 15:33:23 kirk.sb.computer kernel: pci 0000:01:00.0: System wakeup disabled by ACPI
Sep 22 15:33:23 kirk.sb.computer kernel: pci 0000:00:1c.0: PCI bridge to [bus 01]
Sep 22 15:33:23 kirk.sb.computer kernel: pci 0000:00:1c.0:   bridge window [io  0xe000-0xefff]
Sep 22 15:33:23 kirk.sb.computer kernel: pci 0000:00:1c.0:   bridge window [mem 0xdf000000-0xdf0fffff]
Sep 22 15:33:23 kirk.sb.computer kernel: ACPI: PCI Interrupt Link [LNKA] (IRQs 3 4 5 6 10 *11 12 14 15)
Sep 22 15:33:23 kirk.sb.computer kernel: ACPI: PCI Interrupt Link [LNKB] (IRQs 3 4 5 6 *10 11 12 14 15)
Sep 22 15:33:23 kirk.sb.computer kernel: ACPI: PCI Interrupt Link [LNKC] (IRQs 3 4 5 6 10 *11 12 14 15)
Sep 22 15:33:23 kirk.sb.computer kernel: ACPI: PCI Interrupt Link [LNKD] (IRQs 3 4 5 6 10 *11 12 14 15)
Sep 22 15:33:23 kirk.sb.computer kernel: ACPI: PCI Interrupt Link [LNKE] (IRQs 3 4 5 6 10 *11 12 14 15)
Sep 22 15:33:23 kirk.sb.computer kernel: ACPI: PCI Interrupt Link [LNKF] (IRQs 3 4 5 6 10 *11 12 14 15)
Sep 22 15:33:23 kirk.sb.computer kernel: ACPI: PCI Interrupt Link [LNKG] (IRQs 3 4 5 6 10 *11 12 14 15)
Sep 22 15:33:23 kirk.sb.computer kernel: ACPI: PCI Interrupt Link [LNKH] (IRQs 3 4 5 6 10 *11 12 14 15)
Sep 22 15:33:23 kirk.sb.computer kernel: ACPI: Enabled 5 GPEs in block 00 to 7F
Sep 22 15:33:23 kirk.sb.computer kernel: pci 0000:00:02.0: vgaarb: setting as boot VGA device
Sep 22 15:33:23 kirk.sb.computer kernel: pci 0000:00:02.0: vgaarb: VGA device added: decodes=io+mem,owns=io+mem,locks=none
Sep 22 15:33:23 kirk.sb.computer kernel: pci 0000:00:02.0: vgaarb: bridge control possible
Sep 22 15:33:23 kirk.sb.computer kernel: vgaarb: loaded
Sep 22 15:33:23 kirk.sb.computer kernel: SCSI subsystem initialized
Sep 22 15:33:23 kirk.sb.computer kernel: libata version 3.00 loaded.
Sep 22 15:33:23 kirk.sb.computer kernel: ACPI: bus type USB registered
Sep 22 15:33:23 kirk.sb.computer kernel: usbcore: registered new interface driver usbfs
Sep 22 15:33:23 kirk.sb.computer kernel: usbcore: registered new interface driver hub
Sep 22 15:33:23 kirk.sb.computer kernel: usbcore: registered new device driver usb
Sep 22 15:33:23 kirk.sb.computer kernel: pps_core: LinuxPPS API ver. 1 registered
Sep 22 15:33:23 kirk.sb.computer kernel: pps_core: Software ver. 5.3.6 - Copyright 2005-2007 Rodolfo Giometti <giometti@linux.it>
Sep 22 15:33:23 kirk.sb.computer kernel: PTP clock support registered
Sep 22 15:33:23 kirk.sb.computer kernel: Registered efivars operations
Sep 22 15:33:23 kirk.sb.computer kernel: Advanced Linux Sound Architecture Driver Initialized.
Sep 22 15:33:23 kirk.sb.computer kernel: PCI: Using ACPI for IRQ routing
Sep 22 15:33:23 kirk.sb.computer kernel: PCI: pci_cache_line_size set to 64 bytes
Sep 22 15:33:23 kirk.sb.computer kernel: e820: reserve RAM buffer [mem 0x00058000-0x0005ffff]
Sep 22 15:33:23 kirk.sb.computer kernel: e820: reserve RAM buffer [mem 0x0009f000-0x0009ffff]
Sep 22 15:33:23 kirk.sb.computer kernel: e820: reserve RAM buffer [mem 0x85a11000-0x87ffffff]
Sep 22 15:33:23 kirk.sb.computer kernel: e820: reserve RAM buffer [mem 0x8c496000-0x8fffffff]
Sep 22 15:33:23 kirk.sb.computer kernel: e820: reserve RAM buffer [mem 0x8d400000-0x8fffffff]
Sep 22 15:33:23 kirk.sb.computer kernel: e820: reserve RAM buffer [mem 0x86e000000-0x86fffffff]
Sep 22 15:33:23 kirk.sb.computer kernel: NetLabel: Initializing
Sep 22 15:33:23 kirk.sb.computer kernel: NetLabel:  domain hash size = 128
Sep 22 15:33:23 kirk.sb.computer kernel: NetLabel:  protocols = UNLABELED CIPSOv4 CALIPSO
Sep 22 15:33:23 kirk.sb.computer kernel: NetLabel:  unlabeled traffic allowed by default
Sep 22 15:33:23 kirk.sb.computer kernel: hpet0: at MMIO 0xfed00000, IRQs 2, 8, 0, 0, 0, 0, 0, 0
Sep 22 15:33:23 kirk.sb.computer kernel: hpet0: 8 comparators, 64-bit 24.000000 MHz counter
Sep 22 15:33:23 kirk.sb.computer kernel: clocksource: Switched to clocksource hpet
Sep 22 15:33:23 kirk.sb.computer kernel: VFS: Disk quotas dquot_6.6.0
Sep 22 15:33:23 kirk.sb.computer kernel: VFS: Dquot-cache hash table entries: 512 (order 0, 4096 bytes)
Sep 22 15:33:23 kirk.sb.computer kernel: pnp: PnP ACPI init
Sep 22 15:33:23 kirk.sb.computer kernel: system 00:00: [io  0x0a00-0x0a0f] has been reserved
Sep 22 15:33:23 kirk.sb.computer kernel: system 00:00: [io  0x0a10-0x0a1f] has been reserved
Sep 22 15:33:23 kirk.sb.computer kernel: system 00:00: [io  0x0a10-0x0a1f] has been reserved
Sep 22 15:33:23 kirk.sb.computer kernel: system 00:00: Plug and Play ACPI device, IDs PNP0c02 (active)
Sep 22 15:33:23 kirk.sb.computer kernel: pnp 00:01: Plug and Play ACPI device, IDs PNP0303 PNP030b (active)
Sep 22 15:33:23 kirk.sb.computer kernel: pnp 00:02: Plug and Play ACPI device, IDs PNP0f03 PNP0f13 (active)
Sep 22 15:33:23 kirk.sb.computer kernel: pnp 00:03: [dma 0 disabled]
Sep 22 15:33:23 kirk.sb.computer kernel: pnp 00:03: Plug and Play ACPI device, IDs PNP0501 (active)
Sep 22 15:33:23 kirk.sb.computer kernel: pnp 00:04: [dma 0 disabled]
Sep 22 15:33:23 kirk.sb.computer kernel: pnp 00:04: Plug and Play ACPI device, IDs PNP0501 (active)
Sep 22 15:33:23 kirk.sb.computer kernel: pnp 00:05: [dma 0 disabled]
Sep 22 15:33:23 kirk.sb.computer kernel: pnp 00:05: Plug and Play ACPI device, IDs PNP0501 (active)
Sep 22 15:33:23 kirk.sb.computer kernel: pnp 00:06: [dma 0 disabled]
Sep 22 15:33:23 kirk.sb.computer kernel: pnp 00:06: Plug and Play ACPI device, IDs PNP0501 (active)
Sep 22 15:33:23 kirk.sb.computer kernel: system 00:07: [io  0x0680-0x069f] has been reserved
Sep 22 15:33:23 kirk.sb.computer kernel: system 00:07: [io  0xffff] has been reserved
Sep 22 15:33:23 kirk.sb.computer kernel: system 00:07: [io  0xffff] has been reserved
Sep 22 15:33:23 kirk.sb.computer kernel: system 00:07: [io  0xffff] has been reserved
Sep 22 15:33:23 kirk.sb.computer kernel: system 00:07: [io  0x1800-0x18fe] has been reserved
Sep 22 15:33:23 kirk.sb.computer kernel: system 00:07: [io  0x164e-0x164f] has been reserved
Sep 22 15:33:23 kirk.sb.computer kernel: system 00:07: Plug and Play ACPI device, IDs PNP0c02 (active)
Sep 22 15:33:23 kirk.sb.computer kernel: system 00:08: [io  0x0800-0x087f] has been reserved
Sep 22 15:33:23 kirk.sb.computer kernel: system 00:08: Plug and Play ACPI device, IDs PNP0c02 (active)
Sep 22 15:33:23 kirk.sb.computer kernel: pnp 00:09: Plug and Play ACPI device, IDs PNP0b00 (active)
Sep 22 15:33:23 kirk.sb.computer kernel: system 00:0a: [io  0x1854-0x1857] has been reserved
Sep 22 15:33:23 kirk.sb.computer kernel: system 00:0a: Plug and Play ACPI device, IDs INT3f0d PNP0c02 (active)
Sep 22 15:33:23 kirk.sb.computer kernel: system 00:0b: [mem 0xfed10000-0xfed17fff] has been reserved
Sep 22 15:33:23 kirk.sb.computer kernel: system 00:0b: [mem 0xfed18000-0xfed18fff] has been reserved
Sep 22 15:33:23 kirk.sb.computer kernel: system 00:0b: [mem 0xfed19000-0xfed19fff] has been reserved
Sep 22 15:33:23 kirk.sb.computer kernel: system 00:0b: [mem 0xe0000000-0xefffffff] has been reserved
Sep 22 15:33:23 kirk.sb.computer kernel: system 00:0b: [mem 0xfed20000-0xfed3ffff] has been reserved
Sep 22 15:33:23 kirk.sb.computer kernel: system 00:0b: [mem 0xfed90000-0xfed93fff] has been reserved
Sep 22 15:33:23 kirk.sb.computer kernel: system 00:0b: [mem 0xfed45000-0xfed8ffff] has been reserved
Sep 22 15:33:23 kirk.sb.computer kernel: system 00:0b: [mem 0xff000000-0xffffffff] has been reserved
Sep 22 15:33:23 kirk.sb.computer kernel: system 00:0b: [mem 0xfee00000-0xfeefffff] could not be reserved
Sep 22 15:33:23 kirk.sb.computer kernel: system 00:0b: [mem 0xdffe0000-0xdfffffff] has been reserved
Sep 22 15:33:23 kirk.sb.computer kernel: system 00:0b: Plug and Play ACPI device, IDs PNP0c02 (active)
Sep 22 15:33:23 kirk.sb.computer kernel: system 00:0c: [mem 0xfd000000-0xfdabffff] has been reserved
Sep 22 15:33:23 kirk.sb.computer kernel: system 00:0c: [mem 0xfdad0000-0xfdadffff] has been reserved
Sep 22 15:33:23 kirk.sb.computer kernel: system 00:0c: [mem 0xfdb00000-0xfdffffff] has been reserved
Sep 22 15:33:23 kirk.sb.computer kernel: system 00:0c: [mem 0xfe000000-0xfe01ffff] could not be reserved
Sep 22 15:33:23 kirk.sb.computer kernel: system 00:0c: [mem 0xfe036000-0xfe03bfff] has been reserved
Sep 22 15:33:23 kirk.sb.computer kernel: system 00:0c: [mem 0xfe03d000-0xfe3fffff] has been reserved
Sep 22 15:33:23 kirk.sb.computer kernel: system 00:0c: [mem 0xfe410000-0xfe7fffff] has been reserved
Sep 22 15:33:23 kirk.sb.computer kernel: system 00:0c: Plug and Play ACPI device, IDs PNP0c02 (active)
Sep 22 15:33:23 kirk.sb.computer kernel: system 00:0d: [io  0xff00-0xfffe] has been reserved
Sep 22 15:33:23 kirk.sb.computer kernel: system 00:0d: Plug and Play ACPI device, IDs PNP0c02 (active)
Sep 22 15:33:23 kirk.sb.computer kernel: system 00:0e: [mem 0xfdaf0000-0xfdafffff] has been reserved
Sep 22 15:33:23 kirk.sb.computer kernel: system 00:0e: [mem 0xfdae0000-0xfdaeffff] has been reserved
Sep 22 15:33:23 kirk.sb.computer kernel: system 00:0e: [mem 0xfdac0000-0xfdacffff] has been reserved
Sep 22 15:33:23 kirk.sb.computer kernel: system 00:0e: Plug and Play ACPI device, IDs PNP0c02 (active)
Sep 22 15:33:23 kirk.sb.computer kernel: pnp 00:0f: Plug and Play ACPI device, IDs PNP0c31 (active)
Sep 22 15:33:23 kirk.sb.computer kernel: pnp: PnP ACPI: found 16 devices
Sep 22 15:33:23 kirk.sb.computer kernel: clocksource: acpi_pm: mask: 0xffffff max_cycles: 0xffffff, max_idle_ns: 2085701024 ns
Sep 22 15:33:23 kirk.sb.computer kernel: pci 0000:00:1c.0: PCI bridge to [bus 01]
Sep 22 15:33:23 kirk.sb.computer kernel: pci 0000:00:1c.0:   bridge window [io  0xe000-0xefff]
Sep 22 15:33:23 kirk.sb.computer kernel: pci 0000:00:1c.0:   bridge window [mem 0xdf000000-0xdf0fffff]
Sep 22 15:33:23 kirk.sb.computer kernel: pci_bus 0000:00: resource 4 [io  0x0000-0x0cf7 window]
Sep 22 15:33:23 kirk.sb.computer kernel: pci_bus 0000:00: resource 5 [io  0x0d00-0xffff window]
Sep 22 15:33:23 kirk.sb.computer kernel: pci_bus 0000:00: resource 6 [mem 0x000a0000-0x000bffff window]
Sep 22 15:33:23 kirk.sb.computer kernel: pci_bus 0000:00: resource 7 [mem 0x90000000-0xdfffffff window]
Sep 22 15:33:23 kirk.sb.computer kernel: pci_bus 0000:00: resource 8 [mem 0xfd000000-0xfe7fffff window]
Sep 22 15:33:23 kirk.sb.computer kernel: pci_bus 0000:01: resource 0 [io  0xe000-0xefff]
Sep 22 15:33:23 kirk.sb.computer kernel: pci_bus 0000:01: resource 1 [mem 0xdf000000-0xdf0fffff]
Sep 22 15:33:23 kirk.sb.computer kernel: NET: Registered protocol family 2
Sep 22 15:33:23 kirk.sb.computer kernel: TCP established hash table entries: 262144 (order: 9, 2097152 bytes)
Sep 22 15:33:23 kirk.sb.computer kernel: TCP bind hash table entries: 65536 (order: 8, 1048576 bytes)
Sep 22 15:33:23 kirk.sb.computer kernel: TCP: Hash tables configured (established 262144 bind 65536)
Sep 22 15:33:23 kirk.sb.computer kernel: UDP hash table entries: 16384 (order: 7, 524288 bytes)
Sep 22 15:33:23 kirk.sb.computer kernel: UDP-Lite hash table entries: 16384 (order: 7, 524288 bytes)
Sep 22 15:33:23 kirk.sb.computer kernel: NET: Registered protocol family 1
Sep 22 15:33:23 kirk.sb.computer kernel: RPC: Registered named UNIX socket transport module.
Sep 22 15:33:23 kirk.sb.computer kernel: RPC: Registered udp transport module.
Sep 22 15:33:23 kirk.sb.computer kernel: RPC: Registered tcp transport module.
Sep 22 15:33:23 kirk.sb.computer kernel: RPC: Registered tcp NFSv4.1 backchannel transport module.
Sep 22 15:33:23 kirk.sb.computer kernel: pci 0000:00:02.0: Video device with shadowed ROM at [mem 0x000c0000-0x000dffff]
Sep 22 15:33:23 kirk.sb.computer kernel: PCI: CLS 64 bytes, default 64
Sep 22 15:33:23 kirk.sb.computer kernel: DMAR: Host address width 39
Sep 22 15:33:23 kirk.sb.computer kernel: DMAR: DRHD base: 0x000000fed90000 flags: 0x0
Sep 22 15:33:23 kirk.sb.computer kernel: DMAR: dmar0: reg_base_addr fed90000 ver 1:0 cap 1c0000c40660462 ecap 19e2ff0505e
Sep 22 15:33:23 kirk.sb.computer kernel: DMAR: DRHD base: 0x000000fed91000 flags: 0x1
Sep 22 15:33:23 kirk.sb.computer kernel: DMAR: dmar1: reg_base_addr fed91000 ver 1:0 cap d2008c40660462 ecap f050da
Sep 22 15:33:23 kirk.sb.computer kernel: DMAR: RMRR base: 0x0000008c75f000 end: 0x0000008c77efff
Sep 22 15:33:23 kirk.sb.computer kernel: DMAR: RMRR base: 0x0000008d800000 end: 0x0000008fffffff
Sep 22 15:33:23 kirk.sb.computer kernel: PCI-DMA: Using software bounce buffering for IO (SWIOTLB)
Sep 22 15:33:23 kirk.sb.computer kernel: software IO TLB [mem 0x80aec000-0x84aec000] (64MB) mapped at [ffff880080aec000-ffff880084aebfff]
Sep 22 15:33:23 kirk.sb.computer kernel: RAPL PMU: API unit is 2^-32 Joules, 5 fixed counters, 655360 ms ovfl timer
Sep 22 15:33:23 kirk.sb.computer kernel: RAPL PMU: hw unit of domain pp0-core 2^-14 Joules
Sep 22 15:33:23 kirk.sb.computer kernel: RAPL PMU: hw unit of domain package 2^-14 Joules
Sep 22 15:33:23 kirk.sb.computer kernel: RAPL PMU: hw unit of domain dram 2^-14 Joules
Sep 22 15:33:23 kirk.sb.computer kernel: RAPL PMU: hw unit of domain pp1-gpu 2^-14 Joules
Sep 22 15:33:23 kirk.sb.computer kernel: RAPL PMU: hw unit of domain psys 2^-14 Joules
Sep 22 15:33:23 kirk.sb.computer kernel: clocksource: tsc: mask: 0xffffffffffffffff max_cycles: 0x6d51a4e4511, max_idle_ns: 881590775377 ns
Sep 22 15:33:23 kirk.sb.computer kernel: Scanning for low memory corruption every 60 seconds
Sep 22 15:33:23 kirk.sb.computer kernel: audit: initializing netlink subsys (disabled)
Sep 22 15:33:23 kirk.sb.computer kernel: audit: type=2000 audit(1695411202.413:1): state=initialized audit_enabled=0 res=1
Sep 22 15:33:23 kirk.sb.computer kernel: workingset: timestamp_bits=56 max_order=23 bucket_order=0
Sep 22 15:33:23 kirk.sb.computer kernel: NFS: Registering the id_resolver key type
Sep 22 15:33:23 kirk.sb.computer kernel: Key type id_resolver registered
Sep 22 15:33:23 kirk.sb.computer kernel: Key type id_legacy registered
Sep 22 15:33:23 kirk.sb.computer kernel: SELinux:  Registering netfilter hooks
Sep 22 15:33:23 kirk.sb.computer kernel: Block layer SCSI generic (bsg) driver version 0.4 loaded (major 250)
Sep 22 15:33:23 kirk.sb.computer kernel: io scheduler noop registered
Sep 22 15:33:23 kirk.sb.computer kernel: io scheduler deadline registered
Sep 22 15:33:23 kirk.sb.computer kernel: io scheduler cfq registered (default)
Sep 22 15:33:23 kirk.sb.computer kernel: io scheduler mq-deadline registered
Sep 22 15:33:23 kirk.sb.computer kernel: pcieport 0000:00:1c.0: AER enabled with IRQ 120
Sep 22 15:33:23 kirk.sb.computer kernel: pcieport 0000:00:1c.0: Signaling PME with IRQ 120
Sep 22 15:33:23 kirk.sb.computer kernel: efifb: probing for efifb
Sep 22 15:33:23 kirk.sb.computer kernel: efifb: framebuffer at 0xc0000000, using 1920k, total 1920k
Sep 22 15:33:23 kirk.sb.computer kernel: efifb: mode is 800x600x32, linelength=3200, pages=1
Sep 22 15:33:23 kirk.sb.computer kernel: efifb: scrolling: redraw
Sep 22 15:33:23 kirk.sb.computer kernel: efifb: Truecolor: size=8:8:8:8, shift=24:16:8:0
Sep 22 15:33:23 kirk.sb.computer kernel: Console: switching to colour frame buffer device 100x37
Sep 22 15:33:23 kirk.sb.computer kernel: fb0: EFI VGA frame buffer device
Sep 22 15:33:23 kirk.sb.computer kernel: input: Sleep Button as /devices/LNXSYSTM:00/LNXSYBUS:00/PNP0C0E:00/input/input0
Sep 22 15:33:23 kirk.sb.computer kernel: ACPI: Sleep Button [SLPB]
Sep 22 15:33:23 kirk.sb.computer kernel: input: Power Button as /devices/LNXSYSTM:00/LNXSYBUS:00/PNP0C0C:00/input/input1
Sep 22 15:33:23 kirk.sb.computer kernel: ACPI: Power Button [PWRB]
Sep 22 15:33:23 kirk.sb.computer kernel: input: Power Button as /devices/LNXSYSTM:00/LNXPWRBN:00/input/input2
Sep 22 15:33:23 kirk.sb.computer kernel: ACPI: Power Button [PWRF]
Sep 22 15:33:23 kirk.sb.computer kernel: (NULL device *): hwmon_device_register() is deprecated. Please convert the driver to use hwmon_device_register_with_info().
Sep 22 15:33:23 kirk.sb.computer kernel: thermal LNXTHERM:00: registered as thermal_zone0
Sep 22 15:33:23 kirk.sb.computer kernel: ACPI: Thermal Zone [THRM] (20 C)
Sep 22 15:33:23 kirk.sb.computer kernel: thermal LNXTHERM:01: registered as thermal_zone1
Sep 22 15:33:23 kirk.sb.computer kernel: ACPI: Thermal Zone [TZ00] (28 C)
Sep 22 15:33:23 kirk.sb.computer kernel: thermal LNXTHERM:02: registered as thermal_zone2
Sep 22 15:33:23 kirk.sb.computer kernel: ACPI: Thermal Zone [TZ01] (30 C)
Sep 22 15:33:23 kirk.sb.computer kernel: Serial: 8250/16550 driver, 5 ports, IRQ sharing enabled
Sep 22 15:33:23 kirk.sb.computer kernel: 00:03: ttyS0 at I/O 0x3f8 (irq = 4, base_baud = 115200) is a 16550A
Sep 22 15:33:23 kirk.sb.computer kernel: 00:04: ttyS1 at I/O 0x2f8 (irq = 3, base_baud = 115200) is a 16550A
Sep 22 15:33:23 kirk.sb.computer kernel: 00:05: ttyS2 at I/O 0x3e8 (irq = 5, base_baud = 115200) is a 16550A
Sep 22 15:33:23 kirk.sb.computer kernel: 00:06: ttyS3 at I/O 0x2e8 (irq = 7, base_baud = 115200) is a 16550A
Sep 22 15:33:23 kirk.sb.computer kernel: serial 0000:00:16.3: enabling device (0000 -> 0003)
Sep 22 15:33:23 kirk.sb.computer kernel: 0000:00:16.3: ttyS4 at I/O 0xf0a0 (irq = 19, base_baud = 115200) is a 16550A
Sep 22 15:33:23 kirk.sb.computer kernel: Non-volatile memory driver v1.3
Sep 22 15:33:23 kirk.sb.computer kernel: Linux agpgart interface v0.103
Sep 22 15:33:23 kirk.sb.computer kernel: loop: module loaded
Sep 22 15:33:23 kirk.sb.computer kernel: ahci 0000:00:17.0: version 3.0
Sep 22 15:33:23 kirk.sb.computer kernel: ahci 0000:00:17.0: AHCI 0001.0301 32 slots 6 ports 6 Gbps 0x3f impl SATA mode
Sep 22 15:33:23 kirk.sb.computer kernel: ahci 0000:00:17.0: flags: 64bit ncq sntf pm led clo only pio slum part ems deso sadm sds apst 
Sep 22 15:33:23 kirk.sb.computer kernel: scsi host0: ahci
Sep 22 15:33:23 kirk.sb.computer kernel: scsi host1: ahci
Sep 22 15:33:23 kirk.sb.computer kernel: scsi host2: ahci
Sep 22 15:33:23 kirk.sb.computer kernel: scsi host3: ahci
Sep 22 15:33:23 kirk.sb.computer kernel: scsi host4: ahci
Sep 22 15:33:23 kirk.sb.computer kernel: scsi host5: ahci
Sep 22 15:33:23 kirk.sb.computer kernel: ata1: SATA max UDMA/133 abar m2048@0xdf14b000 port 0xdf14b100 irq 121
Sep 22 15:33:23 kirk.sb.computer kernel: ata2: SATA max UDMA/133 abar m2048@0xdf14b000 port 0xdf14b180 irq 121
Sep 22 15:33:23 kirk.sb.computer kernel: ata3: SATA max UDMA/133 abar m2048@0xdf14b000 port 0xdf14b200 irq 121
Sep 22 15:33:23 kirk.sb.computer kernel: ata4: SATA max UDMA/133 abar m2048@0xdf14b000 port 0xdf14b280 irq 121
Sep 22 15:33:23 kirk.sb.computer kernel: ata5: SATA max UDMA/133 abar m2048@0xdf14b000 port 0xdf14b300 irq 121
Sep 22 15:33:23 kirk.sb.computer kernel: ata6: SATA max UDMA/133 abar m2048@0xdf14b000 port 0xdf14b380 irq 121
Sep 22 15:33:23 kirk.sb.computer kernel: e100: Intel(R) PRO/100 Network Driver, 3.5.24-k2-NAPI
Sep 22 15:33:23 kirk.sb.computer kernel: e100: Copyright(c) 1999-2006 Intel Corporation
Sep 22 15:33:23 kirk.sb.computer kernel: e1000: Intel(R) PRO/1000 Network Driver - version 7.3.21-k8-NAPI
Sep 22 15:33:23 kirk.sb.computer kernel: e1000: Copyright (c) 1999-2006 Intel Corporation.
Sep 22 15:33:23 kirk.sb.computer kernel: igb: Intel(R) Gigabit Ethernet Network Driver - version 5.4.0-k
Sep 22 15:33:23 kirk.sb.computer kernel: igb: Copyright (c) 2007-2014 Intel Corporation.
Sep 22 15:33:23 kirk.sb.computer kernel: pps pps0: new PPS source ptp0
Sep 22 15:33:23 kirk.sb.computer kernel: igb 0000:01:00.0: added PHC on eth0
Sep 22 15:33:23 kirk.sb.computer kernel: igb 0000:01:00.0: Intel(R) Gigabit Ethernet Network Connection
Sep 22 15:33:23 kirk.sb.computer kernel: igb 0000:01:00.0: eth0: (PCIe:2.5Gb/s:Width x1) 00:03:2d:58:41:7d
Sep 22 15:33:23 kirk.sb.computer kernel: igb 0000:01:00.0: eth0: PBA No: FFFFFF-0FF
Sep 22 15:33:23 kirk.sb.computer kernel: igb 0000:01:00.0: Using MSI-X interrupts. 2 rx queue(s), 2 tx queue(s)
Sep 22 15:33:23 kirk.sb.computer kernel: sky2: driver version 1.30
Sep 22 15:33:23 kirk.sb.computer kernel: ehci_hcd: USB 2.0 'Enhanced' Host Controller (EHCI) Driver
Sep 22 15:33:23 kirk.sb.computer kernel: ehci-pci: EHCI PCI platform driver
Sep 22 15:33:23 kirk.sb.computer kernel: ohci_hcd: USB 1.1 'Open' Host Controller (OHCI) Driver
Sep 22 15:33:23 kirk.sb.computer kernel: ohci-pci: OHCI PCI platform driver
Sep 22 15:33:23 kirk.sb.computer kernel: uhci_hcd: USB Universal Host Controller Interface driver
Sep 22 15:33:23 kirk.sb.computer kernel: xhci_hcd 0000:00:14.0: xHCI Host Controller
Sep 22 15:33:23 kirk.sb.computer kernel: xhci_hcd 0000:00:14.0: new USB bus registered, assigned bus number 1
Sep 22 15:33:23 kirk.sb.computer kernel: xhci_hcd 0000:00:14.0: hcc params 0x200077c1 hci version 0x100 quirks 0x00109810
Sep 22 15:33:23 kirk.sb.computer kernel: xhci_hcd 0000:00:14.0: cache line size of 64 is not supported
Sep 22 15:33:23 kirk.sb.computer kernel: usb usb1: New USB device found, idVendor=1d6b, idProduct=0002
Sep 22 15:33:23 kirk.sb.computer kernel: usb usb1: New USB device strings: Mfr=3, Product=2, SerialNumber=1
Sep 22 15:33:23 kirk.sb.computer kernel: usb usb1: Product: xHCI Host Controller
Sep 22 15:33:23 kirk.sb.computer kernel: usb usb1: Manufacturer: Linux 4.11.7 xhci-hcd
Sep 22 15:33:23 kirk.sb.computer kernel: usb usb1: SerialNumber: 0000:00:14.0
Sep 22 15:33:23 kirk.sb.computer kernel: hub 1-0:1.0: USB hub found
Sep 22 15:33:23 kirk.sb.computer kernel: hub 1-0:1.0: 16 ports detected
Sep 22 15:33:23 kirk.sb.computer kernel: xhci_hcd 0000:00:14.0: xHCI Host Controller
Sep 22 15:33:23 kirk.sb.computer kernel: xhci_hcd 0000:00:14.0: new USB bus registered, assigned bus number 2
Sep 22 15:33:23 kirk.sb.computer kernel: usb usb2: New USB device found, idVendor=1d6b, idProduct=0003
Sep 22 15:33:23 kirk.sb.computer kernel: usb usb2: New USB device strings: Mfr=3, Product=2, SerialNumber=1
Sep 22 15:33:23 kirk.sb.computer kernel: usb usb2: Product: xHCI Host Controller
Sep 22 15:33:23 kirk.sb.computer kernel: usb usb2: Manufacturer: Linux 4.11.7 xhci-hcd
Sep 22 15:33:23 kirk.sb.computer kernel: usb usb2: SerialNumber: 0000:00:14.0
Sep 22 15:33:23 kirk.sb.computer kernel: hub 2-0:1.0: USB hub found
Sep 22 15:33:23 kirk.sb.computer kernel: hub 2-0:1.0: 10 ports detected
Sep 22 15:33:23 kirk.sb.computer kernel: usbcore: registered new interface driver usblp
Sep 22 15:33:23 kirk.sb.computer kernel: usbcore: registered new interface driver usb-storage
Sep 22 15:33:23 kirk.sb.computer kernel: usbcore: registered new interface driver usbserial
Sep 22 15:33:23 kirk.sb.computer kernel: i8042: PNP: PS/2 Controller [PNP0303:PS2K,PNP0f03:PS2M] at 0x60,0x64 irq 1,12
Sep 22 15:33:23 kirk.sb.computer kernel: serio: i8042 KBD port at 0x60,0x64 irq 1
Sep 22 15:33:23 kirk.sb.computer kernel: serio: i8042 AUX port at 0x60,0x64 irq 12
Sep 22 15:33:23 kirk.sb.computer kernel: rtc_cmos 00:09: RTC can wake from S4
Sep 22 15:33:23 kirk.sb.computer kernel: rtc_cmos 00:09: rtc core: registered rtc_cmos as rtc0
Sep 22 15:33:23 kirk.sb.computer kernel: rtc_cmos 00:09: alarms up to one month, y3k, 242 bytes nvram, hpet irqs
Sep 22 15:33:23 kirk.sb.computer kernel: i801_smbus 0000:00:1f.4: SMBus using PCI interrupt
Sep 22 15:33:23 kirk.sb.computer kernel: device-mapper: ioctl: 4.35.0-ioctl (2016-06-23) initialised: dm-devel@redhat.com
Sep 22 15:33:23 kirk.sb.computer kernel: intel_pstate: Intel P-state driver initializing
Sep 22 15:33:23 kirk.sb.computer kernel: intel_pstate: Disabling energy efficiency optimization
Sep 22 15:33:23 kirk.sb.computer kernel: intel_pstate: HWP enabled
Sep 22 15:33:23 kirk.sb.computer kernel: EFI Variables Facility v0.08 2004-May-17
Sep 22 15:33:23 kirk.sb.computer kernel: hidraw: raw HID events driver (C) Jiri Kosina
Sep 22 15:33:23 kirk.sb.computer kernel: usbcore: registered new interface driver usbhid
Sep 22 15:33:23 kirk.sb.computer kernel: usbhid: USB HID core driver
Sep 22 15:33:23 kirk.sb.computer kernel: Netfilter messages via NETLINK v0.30.
Sep 22 15:33:23 kirk.sb.computer kernel: nf_conntrack version 0.5.0 (65536 buckets, 262144 max)
Sep 22 15:33:23 kirk.sb.computer kernel: snd_hda_intel 0000:00:1f.3: failed to add i915 component master (-19)
Sep 22 15:33:23 kirk.sb.computer kernel: ctnetlink v0.93: registering with nfnetlink.
Sep 22 15:33:23 kirk.sb.computer kernel: ip_tables: (C) 2000-2006 Netfilter Core Team
Sep 22 15:33:23 kirk.sb.computer kernel: Initializing XFRM netlink socket
Sep 22 15:33:23 kirk.sb.computer kernel: NET: Registered protocol family 10
Sep 22 15:33:23 kirk.sb.computer kernel: Segment Routing with IPv6
Sep 22 15:33:23 kirk.sb.computer kernel: ip6_tables: (C) 2000-2006 Netfilter Core Team
Sep 22 15:33:23 kirk.sb.computer kernel: sit: IPv6, IPv4 and MPLS over IPv4 tunneling driver
Sep 22 15:33:23 kirk.sb.computer kernel: NET: Registered protocol family 17
Sep 22 15:33:23 kirk.sb.computer kernel: Key type dns_resolver registered
Sep 22 15:33:23 kirk.sb.computer kernel: microcode: sig=0x906e9, pf=0x2, revision=0x84
Sep 22 15:33:23 kirk.sb.computer kernel: microcode: Microcode Update Driver: v2.2.
Sep 22 15:33:23 kirk.sb.computer kernel: registered taskstats version 1
Sep 22 15:33:23 kirk.sb.computer kernel:   Magic number: 7:717:597
Sep 22 15:33:23 kirk.sb.computer kernel: console [netcon0] enabled
Sep 22 15:33:23 kirk.sb.computer kernel: netconsole: network logging started
Sep 22 15:33:23 kirk.sb.computer kernel: PM: Hibernation image not present or could not be loaded.
Sep 22 15:33:23 kirk.sb.computer kernel: ALSA device list:
Sep 22 15:33:23 kirk.sb.computer kernel:   No soundcards found.
Sep 22 15:33:23 kirk.sb.computer kernel: hdaudio hdaudioC0D0: Unable to bind the codec
Sep 22 15:33:23 kirk.sb.computer kernel: hdaudio hdaudioC0D2: Unable to bind the codec
Sep 22 15:33:23 kirk.sb.computer kernel: ata1: SATA link up 6.0 Gbps (SStatus 133 SControl 300)
Sep 22 15:33:23 kirk.sb.computer kernel: ata3: SATA link down (SStatus 4 SControl 300)
Sep 22 15:33:23 kirk.sb.computer kernel: ata6: SATA link down (SStatus 4 SControl 300)
Sep 22 15:33:23 kirk.sb.computer kernel: ata2: SATA link down (SStatus 4 SControl 300)
Sep 22 15:33:23 kirk.sb.computer kernel: ata5: SATA link down (SStatus 4 SControl 300)
Sep 22 15:33:23 kirk.sb.computer kernel: ata4: SATA link up 6.0 Gbps (SStatus 133 SControl 300)
Sep 22 15:33:23 kirk.sb.computer kernel: ata1.00: ACPI cmd ef/10:06:00:00:00:00 (SET FEATURES) succeeded
Sep 22 15:33:23 kirk.sb.computer kernel: ata1.00: ACPI cmd f5/00:00:00:00:00:00 (SECURITY FREEZE LOCK) filtered out
Sep 22 15:33:23 kirk.sb.computer kernel: ata1.00: ACPI cmd b1/c1:00:00:00:00:00 (DEVICE CONFIGURATION OVERLAY) filtered out
Sep 22 15:33:23 kirk.sb.computer kernel: ata1.00: ATA-8: InnoDisk Corp. - mSATA 3ME3, S21804, max UDMA/133
Sep 22 15:33:23 kirk.sb.computer kernel: ata1.00: 62533296 sectors, multi 1: LBA48 NCQ (depth 31/32), AA
Sep 22 15:33:23 kirk.sb.computer kernel: ata1.00: ACPI cmd ef/10:06:00:00:00:00 (SET FEATURES) succeeded
Sep 22 15:33:23 kirk.sb.computer kernel: ata1.00: ACPI cmd f5/00:00:00:00:00:00 (SECURITY FREEZE LOCK) filtered out
Sep 22 15:33:23 kirk.sb.computer kernel: ata1.00: ACPI cmd b1/c1:00:00:00:00:00 (DEVICE CONFIGURATION OVERLAY) filtered out
Sep 22 15:33:23 kirk.sb.computer kernel: ata1.00: configured for UDMA/133
Sep 22 15:33:23 kirk.sb.computer kernel: scsi 0:0:0:0: Direct-Access     ATA      InnoDisk Corp. - 04   PQ: 0 ANSI: 5
Sep 22 15:33:23 kirk.sb.computer kernel: sd 0:0:0:0: [sda] 62533296 512-byte logical blocks: (32.0 GB/29.8 GiB)
Sep 22 15:33:23 kirk.sb.computer kernel: sd 0:0:0:0: Attached scsi generic sg0 type 0
Sep 22 15:33:23 kirk.sb.computer kernel: sd 0:0:0:0: [sda] Write Protect is off
Sep 22 15:33:23 kirk.sb.computer kernel: sd 0:0:0:0: [sda] Mode Sense: 00 3a 00 00
Sep 22 15:33:23 kirk.sb.computer kernel: sd 0:0:0:0: [sda] Write cache: enabled, read cache: enabled, doesn't support DPO or FUA
Sep 22 15:33:23 kirk.sb.computer kernel:  sda: sda1 sda2
Sep 22 15:33:23 kirk.sb.computer kernel: sd 0:0:0:0: [sda] Attached SCSI disk
Sep 22 15:33:23 kirk.sb.computer kernel: ata4.00: ACPI cmd ef/10:06:00:00:00:00 (SET FEATURES) succeeded
Sep 22 15:33:23 kirk.sb.computer kernel: ata4.00: ACPI cmd f5/00:00:00:00:00:00 (SECURITY FREEZE LOCK) filtered out
Sep 22 15:33:23 kirk.sb.computer kernel: ata4.00: ACPI cmd b1/c1:00:00:00:00:00 (DEVICE CONFIGURATION OVERLAY) filtered out
Sep 22 15:33:23 kirk.sb.computer kernel: ata4.00: ATA-11: WD Blue SA510 2.5 1000GB, 52046100, max UDMA/133
Sep 22 15:33:23 kirk.sb.computer kernel: ata4.00: 1953525168 sectors, multi 1: LBA48 NCQ (depth 31/32), AA
Sep 22 15:33:23 kirk.sb.computer kernel: ata4.00: ACPI cmd ef/10:06:00:00:00:00 (SET FEATURES) succeeded
Sep 22 15:33:23 kirk.sb.computer kernel: ata4.00: ACPI cmd f5/00:00:00:00:00:00 (SECURITY FREEZE LOCK) filtered out
Sep 22 15:33:23 kirk.sb.computer kernel: ata4.00: ACPI cmd b1/c1:00:00:00:00:00 (DEVICE CONFIGURATION OVERLAY) filtered out
Sep 22 15:33:23 kirk.sb.computer kernel: ata4.00: configured for UDMA/133
Sep 22 15:33:23 kirk.sb.computer kernel: scsi 3:0:0:0: Direct-Access     ATA      WD Blue SA510 2. 6100 PQ: 0 ANSI: 5
Sep 22 15:33:23 kirk.sb.computer kernel: sd 3:0:0:0: Attached scsi generic sg1 type 0
Sep 22 15:33:23 kirk.sb.computer kernel: sd 3:0:0:0: [sdb] 1953525168 512-byte logical blocks: (1.00 TB/932 GiB)
Sep 22 15:33:23 kirk.sb.computer kernel: sd 3:0:0:0: [sdb] Write Protect is off
Sep 22 15:33:23 kirk.sb.computer kernel: sd 3:0:0:0: [sdb] Mode Sense: 00 3a 00 00
Sep 22 15:33:23 kirk.sb.computer kernel: sd 3:0:0:0: [sdb] Write cache: enabled, read cache: enabled, doesn't support DPO or FUA
Sep 22 15:33:23 kirk.sb.computer kernel:  sdb: sdb1 sdb2
Sep 22 15:33:23 kirk.sb.computer kernel: sd 3:0:0:0: [sdb] Attached SCSI disk
Sep 22 15:33:23 kirk.sb.computer kernel: Freeing unused kernel memory: 96680K
Sep 22 15:33:23 kirk.sb.computer kernel: Write protecting the kernel read-only data: 14336k
Sep 22 15:33:23 kirk.sb.computer kernel: Freeing unused kernel memory: 540K
Sep 22 15:33:23 kirk.sb.computer kernel: Freeing unused kernel memory: 1184K
Sep 22 15:33:23 kirk.sb.computer kernel: random: systemd: uninitialized urandom read (16 bytes read)
Sep 22 15:33:23 kirk.sb.computer systemd[1]: systemd 232 running in system mode. (-PAM -AUDIT +SELINUX -IMA -APPARMOR -SMACK +SYSVINIT +UTMP -LIBCRYPTSETUP -GCRYPT -GNUTLS -ACL -XZ -LZ4 -SECCOMP +BLKID -ELFUTILS +KMOD -IDN)
Sep 22 15:33:23 kirk.sb.computer systemd[1]: Detected architecture x86-64.
Sep 22 15:33:23 kirk.sb.computer systemd[1]: Set hostname to <kirk.sb.computer>.
Sep 22 15:33:23 kirk.sb.computer kernel: random: systemd: uninitialized urandom read (16 bytes read)
Sep 22 15:33:23 kirk.sb.computer kernel: random: systemd: uninitialized urandom read (16 bytes read)
Sep 22 15:33:23 kirk.sb.computer systemd-fstab-generator[1434]: Ignoring "noauto" for root device
Sep 22 15:33:23 kirk.sb.computer kernel: random: systemd-sysv-ge: uninitialized urandom read (16 bytes read)
Sep 22 15:33:23 kirk.sb.computer kernel: random: systemd: uninitialized urandom read (16 bytes read)
Sep 22 15:33:23 kirk.sb.computer kernel: random: systemd: uninitialized urandom read (16 bytes read)
Sep 22 15:33:23 kirk.sb.computer kernel: random: systemd: uninitialized urandom read (16 bytes read)
Sep 22 15:33:23 kirk.sb.computer kernel: random: systemd: uninitialized urandom read (16 bytes read)
Sep 22 15:33:23 kirk.sb.computer kernel: random: systemd: uninitialized urandom read (16 bytes read)
Sep 22 15:33:23 kirk.sb.computer kernel: random: systemd: uninitialized urandom read (16 bytes read)
Sep 22 15:33:23 kirk.sb.computer systemd[1]: Listening on udev Control Socket.
Sep 22 15:33:23 kirk.sb.computer systemd[1]: Listening on /dev/initctl Compatibility Named Pipe.
Sep 22 15:33:23 kirk.sb.computer systemd[1]: Listening on Journal Audit Socket.
Sep 22 15:33:23 kirk.sb.computer systemd[1]: Listening on Syslog Socket.
Sep 22 15:33:23 kirk.sb.computer systemd[1]: Started Forward Password Requests to Wall Directory Watch.
Sep 22 15:33:23 kirk.sb.computer systemd[1]: Listening on Journal Socket (/dev/log).
Sep 22 15:33:23 kirk.sb.computer systemd[1]: Listening on Journal Socket.
Sep 22 15:33:23 kirk.sb.computer systemd-journald[1444]: Journal started
Sep 22 15:33:23 kirk.sb.computer systemd-journald[1444]: Runtime journal (/run/log/journal/5f492a1a72d74fa2bd4b651950b8d0fb) is 0B, max 0B, 0B free.
Sep 22 15:33:23 kirk.sb.computer systemd-sysctl[1440]: Couldn't write 'fq_codel' to 'net/core/default_qdisc', ignoring: No such file or directory
Sep 22 15:33:23 kirk.sb.computer systemd[1]: Starting Flush Journal to Persistent Storage...
Sep 22 15:33:23 kirk.sb.computer systemd-journald[1444]: Runtime journal (/run/log/journal/5f492a1a72d74fa2bd4b651950b8d0fb) is 0B, max 0B, 0B free.
Sep 22 15:33:23 kirk.sb.computer systemd[1]: Started Flush Journal to Persistent Storage.
Sep 22 15:33:23 kirk.sb.computer systemd[1]: Started Rebuild Hardware Database.
Sep 22 15:33:23 kirk.sb.computer systemd[1]: Starting udev Coldplug all Devices...
Sep 22 15:33:23 kirk.sb.computer systemd[1]: Started udev Coldplug all Devices.
Sep 22 15:33:23 kirk.sb.computer systemd[1]: Reached target Sound Card.
Sep 22 15:33:23 kirk.sb.computer kernel: e1000e: Intel(R) PRO/1000 Network Driver - 3.3.6-NAPI
Sep 22 15:33:23 kirk.sb.computer kernel: e1000e: Copyright(c) 1999 - 2017 Intel Corporation.
Sep 22 15:33:23 kirk.sb.computer kernel: e1000e 0000:00:1f.6: Interrupt Throttling Rate (ints/sec) set to dynamic conservative mode
Sep 22 15:33:23 kirk.sb.computer kernel: e1000e 0000:00:1f.6: EEE Support Disabled
Sep 22 15:33:23 kirk.sb.computer kernel: usb 1-1: new full-speed USB device number 2 using xhci_hcd
Sep 22 15:33:23 kirk.sb.computer systemd[1]: Found device WD_Blue_SA510_2.5_1000GB SWAP.
Sep 22 15:33:23 kirk.sb.computer systemd[1]: Found device WD_Blue_SA510_2.5_1000GB DATA.
Sep 22 15:33:23 kirk.sb.computer systemd[1]: Mounting /mnt/data...
Sep 22 15:33:23 kirk.sb.computer systemd[1]: Activating swap /dev/disk/by-partuuid/c1ff3aba-bca7-40c3-8e39-a8592c88101c...
Sep 22 15:33:23 kirk.sb.computer kernel: Adding 33553404k swap on /dev/sdb1.  Priority:-1 extents:1 across:33553404k SS
Sep 22 15:33:23 kirk.sb.computer systemd[1]: Activated swap /dev/disk/by-partuuid/c1ff3aba-bca7-40c3-8e39-a8592c88101c.
Sep 22 15:33:23 kirk.sb.computer kernel: modprobe (2318) used greatest stack depth: 14000 bytes left
Sep 22 15:33:23 kirk.sb.computer systemd[1]: Reached target Swap.
Sep 22 15:33:23 kirk.sb.computer kernel: swapon (2312) used greatest stack depth: 13872 bytes left
Sep 22 15:33:23 kirk.sb.computer systemd[1]: Found device InnoDisk_Corp._-_mSATA_3ME3 NV_MEM.
Sep 22 15:33:23 kirk.sb.computer systemd[1]: Found device InnoDisk_Corp._-_mSATA_3ME3 BOOT.
Sep 22 15:33:23 kirk.sb.computer systemd[1]: Mounting /boot...
Sep 22 15:33:23 kirk.sb.computer systemd[1]: Mounting /mnt/nv...
Sep 22 15:33:23 kirk.sb.computer systemd[1]: Mounted /boot.
Sep 22 15:33:23 kirk.sb.computer systemd-journald[1444]: Time spent on flushing to /var is 60.635ms for 730 entries.
Sep 22 15:33:23 kirk.sb.computer systemd[1]: Mounted /mnt/nv.
Sep 22 15:33:23 kirk.sb.computer kernel: F2FS-fs (sda2): Mounted with checkpoint version = baf
Sep 22 15:33:23 kirk.sb.computer kernel: mount (2325) used greatest stack depth: 13616 bytes left
Sep 22 15:33:23 kirk.sb.computer kernel: e1000e 0000:00:1f.6 0000:00:1f.6 (uninitialized): registered PHC clock
Sep 22 15:33:23 kirk.sb.computer kernel: random: fast init done
Sep 22 15:33:23 kirk.sb.computer systemd[1]: Reached target Local File Systems.
Sep 22 15:33:23 kirk.sb.computer acpid[2335]: starting up with netlink and the input layer
Sep 22 15:33:23 kirk.sb.computer systemd[1]: Starting Create Volatile Files and Directories...
Sep 22 15:33:23 kirk.sb.computer acpid[2335]: 1 rule loaded
Sep 22 15:33:23 kirk.sb.computer systemd[1]: Starting Rebuild Journal Catalog...
Sep 22 15:33:23 kirk.sb.computer acpid[2335]: waiting for events: event logging is off
Sep 22 15:33:23 kirk.sb.computer systemd-tmpfiles[2330]: "/var/lib/dhcp" already exists and is not a directory.
Sep 22 15:33:23 kirk.sb.computer systemd-tmpfiles[2330]: "/var/tmp" already exists and is not a directory.
Sep 22 15:33:23 kirk.sb.computer systemd-tmpfiles[2330]: "/var/log" already exists and is not a directory.
Sep 22 15:33:23 kirk.sb.computer systemd[1]: Started Rebuild Journal Catalog.
Sep 22 15:33:23 kirk.sb.computer systemd[1]: Starting Update is Completed...
Sep 22 15:33:23 kirk.sb.computer systemd[1]: Started Update is Completed.
Sep 22 15:33:23 kirk.sb.computer systemd-tmpfiles[2330]: "/var/cache" already exists and is not a directory.
Sep 22 15:33:23 kirk.sb.computer systemd-tmpfiles[2330]: "/var/spool" already exists and is not a directory.
Sep 22 15:33:23 kirk.sb.computer systemd[1]: Started Create Volatile Files and Directories.
Sep 22 15:33:23 kirk.sb.computer systemd[1]: Starting Update UTMP about System Boot/Shutdown...
Sep 22 15:33:23 kirk.sb.computer systemd[1]: Started Update UTMP about System Boot/Shutdown.
Sep 22 15:33:23 kirk.sb.computer systemd[1]: Reached target System Initialization.
Sep 22 15:33:23 kirk.sb.computer systemd[1]: Listening on D-Bus System Message Bus Socket.
Sep 22 15:33:23 kirk.sb.computer systemd[1]: Reached target Sockets.
Sep 22 15:33:23 kirk.sb.computer systemd[1]: Started Run every 5 minutes to verify dhcpd is listening on all interfaces.
Sep 22 15:33:23 kirk.sb.computer systemd[1]: Started Daily Cleanup of Temporary Directories.
Sep 22 15:33:23 kirk.sb.computer systemd[1]: Reached target Basic System.
Sep 22 15:33:23 kirk.sb.computer systemd[1]: Starting ACPI Event Daemon...
Sep 22 15:33:23 kirk.sb.computer systemd[1]: Started D-Bus System Message Bus.
Sep 22 15:33:23 kirk.sb.computer systemd[1]: Started Shut down the digital board (Spock) on reboot or power-off.
Sep 22 15:33:23 kirk.sb.computer systemd[1]: Starting Time & Date Service...
Sep 22 15:33:23 kirk.sb.computer systemd[1]: Reached target Containers.
Sep 22 15:33:23 kirk.sb.computer systemd[1]: Started Run every 5 minutes for SAR goodness.
Sep 22 15:33:23 kirk.sb.computer systemd[1]: Starting Generates sar logs for system monitoring...
Sep 22 15:33:23 kirk.sb.computer systemd[1]: Started Getty on tty1.
Sep 22 15:33:23 kirk.sb.computer systemd[1]: Reached target Login Prompts.
Sep 22 15:33:23 kirk.sb.computer systemd[1]: Starting init log manager...
Sep 22 15:33:23 kirk.sb.computer systemd[1]: Starting Network Service...
Sep 22 15:33:23 kirk.sb.computer systemd[1]: Starting runs DhcpdMonitor...
Sep 22 15:33:23 kirk.sb.computer systemd[1]: Starting init core dumping...
Sep 22 15:33:23 kirk.sb.computer systemd[1]: Started Run every 2 minutes to make sure slpd was able to bind to interface.
Sep 22 15:33:23 kirk.sb.computer systemd[1]: Started Run periodically for a sar report.
Sep 22 15:33:23 kirk.sb.computer systemd[1]: Started Generates sar reports for support bundling.
Sep 22 15:33:23 kirk.sb.computer systemd[1]: Started Run hourly to maintain logs.
Sep 22 15:33:23 kirk.sb.computer systemd[1]: Reached target Timers.
Sep 22 15:33:23 kirk.sb.computer systemd[1]: Started ACPI Event Daemon.
Sep 22 15:33:23 kirk.sb.computer systemd[1]: Started init core dumping.
Sep 22 15:33:23 kirk.sb.computer systemd[1]: Started Generates sar logs for system monitoring.
Sep 22 15:33:23 kirk.sb.computer kernel: e1000e 0000:00:1f.6 eth1: (PCI Express:2.5GT/s:Width x1) 00:03:2d:58:41:7c
Sep 22 15:33:23 kirk.sb.computer kernel: e1000e 0000:00:1f.6 eth1: Intel(R) PRO/1000 Network Connection
Sep 22 15:33:23 kirk.sb.computer kernel: e1000e 0000:00:1f.6 eth1: MAC: 12, PHY: 12, PBA No: FFFFFF-0FF
Sep 22 15:33:23 kirk.sb.computer systemd[1]: Started Time & Date Service.
Sep 22 15:33:23 kirk.sb.computer systemd-networkd[2341]: Enumeration completed
Sep 22 15:33:23 kirk.sb.computer kernel: usb 1-1: New USB device found, idVendor=1b3d, idProduct=fe10
Sep 22 15:33:23 kirk.sb.computer kernel: usb 1-1: New USB device strings: Mfr=1, Product=2, SerialNumber=3
Sep 22 15:33:23 kirk.sb.computer kernel: usb 1-1: Product: GTT Bulk-IO Device. 
Sep 22 15:33:23 kirk.sb.computer kernel: usb 1-1: Manufacturer: NXP Semicond 
Sep 22 15:33:23 kirk.sb.computer kernel: usb 1-1: SerialNumber: 0A00701EAFA6080161C9BD05F5001CC2
Sep 22 15:33:23 kirk.sb.computer kernel: systemd-udevd (1762) used greatest stack depth: 13320 bytes left
Sep 22 15:33:23 kirk.sb.computer kernel: clocksource: Switched to clocksource tsc
Sep 22 15:33:23 kirk.sb.computer kernel: F2FS-fs (sdb2): Mounted with checkpoint version = 1569
Sep 22 15:33:23 kirk.sb.computer dhcpd[2368]: Internet Systems Consortium DHCP Server 4.3.5
Sep 22 15:33:23 kirk.sb.computer systemd[1]: Started Network Service.
Sep 22 15:33:23 kirk.sb.computer dhcpd[2368]: Copyright 2004-2016 Internet Systems Consortium.
Sep 22 15:33:23 kirk.sb.computer systemd-networkd[2341]: eth1: IPv6 enabled for interface: Success
Sep 22 15:33:23 kirk.sb.computer dhcpd[2368]: All rights reserved.
Sep 22 15:33:23 kirk.sb.computer systemd[1]: Reached target Network.
Sep 22 15:33:23 kirk.sb.computer dhcpd[2368]: For info, please visit https://www.isc.org/software/dhcp/
Sep 22 15:33:23 kirk.sb.computer systemd[1]: Starting OpenSSH server daemon...
Sep 22 15:33:23 kirk.sb.computer dhcpd[2368]: Config file: /etc/dhcp/dhcpd.conf
Sep 22 15:33:23 kirk.sb.computer systemd[1]: Started link local monitor service.
Sep 22 15:33:23 kirk.sb.computer dhcpd[2368]: Database file: /var/lib/dhcp/dhcpd.leases
Sep 22 15:33:23 kirk.sb.computer systemd[1]: Started dhcpd service.
Sep 22 15:33:23 kirk.sb.computer dhcpd[2368]: PID file: /var/run/dhcpd.pid
Sep 22 15:33:23 kirk.sb.computer load_timezone.sh[2375]: Setting time zone: America/New_York
Sep 22 15:33:23 kirk.sb.computer systemd[1]: Starting slpd service...
Sep 22 15:33:23 kirk.sb.computer dhcpd[2368]: Wrote 0 leases to leases file.
Sep 22 15:33:23 kirk.sb.computer systemd[1]: Started network monitor service.
Sep 22 15:33:23 kirk.sb.computer liblogging-stdlog[2390]: warning: ~ action is deprecated, consider using the 'stop' statement instead [v8.22.0 try http://www.rsyslog.com/e/2307 ]
Sep 22 15:33:23 kirk.sb.computer systemd[1]: Starting Wait for Network to be Configured...
Sep 22 15:33:23 kirk.sb.computer liblogging-stdlog[2390]: warning: ~ action is deprecated, consider using the 'stop' statement instead [v8.22.0 try http://www.rsyslog.com/e/2307 ]
Sep 22 15:33:23 kirk.sb.computer systemd[1]: Starting Network Name Resolution...
Sep 22 15:33:23 kirk.sb.computer systemd[1]: Starting Load timezone from persistant settings...
Sep 22 15:33:23 kirk.sb.computer systemd[1]: Started runs DhcpdMonitor.
Sep 22 15:33:23 kirk.sb.computer systemd-timedated[2337]: Changed time zone to 'America/New_York'.
Sep 22 15:33:23 kirk.sb.computer systemd[1]: Started Load timezone from persistant settings.
Sep 22 15:33:23 kirk.sb.computer systemd[1]: Mounted /mnt/data.
Sep 22 15:33:23 kirk.sb.computer systemd[1]: Started init log manager.
Sep 22 15:33:23 kirk.sb.computer systemd[1]: Starting System Logging Service...
Sep 22 15:33:23 kirk.sb.computer systemd-resolved[2374]: Positive Trust Anchors:
Sep 22 15:33:23 kirk.sb.computer systemd-resolved[2374]: . IN DS 19036 8 2 49aac11d7b6f6446702e54a1607371607a1a41855200fd2ce1cdde32f24e8fb5
Sep 22 15:33:23 kirk.sb.computer systemd-resolved[2374]: Negative trust anchors: 10.in-addr.arpa 16.172.in-addr.arpa 17.172.in-addr.arpa 18.172.in-addr.arpa 19.172.in-addr.arpa 20.172.in-addr.arpa 21.172.in-addr.arpa 22.172.in-addr.arpa 23.172.in-addr.arpa 24.172.in-addr.arpa 25.172.in-addr.arpa 26.172.in-addr.arpa 27.172.in-addr.arpa 28.172.in-addr.arpa 29.172.in-addr.arpa 30.172.in-addr.arpa 31.172.in-addr.arpa 168.192.in-addr.arpa d.f.ip6.arpa corp home internal intranet lan local private test
Sep 22 15:33:23 kirk.sb.computer systemd-resolved[2374]: Using system hostname 'kirk'.
Sep 22 15:33:23 kirk.sb.computer kernel: IPv6: ADDRCONF(NETDEV_UP): eth1: link is not ready
Sep 22 15:33:23 kirk.sb.computer dhcpd[2368]: 
Sep 22 15:33:23 kirk.sb.computer systemd-networkd-wait-online[2373]: ignoring: eth0
Sep 22 15:33:23 kirk.sb.computer dhcpd[2368]: No subnet declaration for usb1 (no IPv4 addresses).
Sep 22 15:33:23 kirk.sb.computer systemd-networkd-wait-online[2373]: ignoring: eth0
Sep 22 15:33:23 kirk.sb.computer dhcpd[2368]: ** Ignoring requests on usb1.  If this is not what
Sep 22 15:33:23 kirk.sb.computer systemd-networkd-wait-online[2373]: ignoring: eth0
Sep 22 15:33:23 kirk.sb.computer dhcpd[2368]:    you want, please write a subnet declaration
Sep 22 15:33:23 kirk.sb.computer systemd-networkd-wait-online[2373]: ignoring: eth0
Sep 22 15:33:23 kirk.sb.computer dhcpd[2368]:    in your dhcpd.conf file for the network segment
Sep 22 15:33:23 kirk.sb.computer systemd[1]: Started System Logging Service.
Sep 22 15:33:23 kirk.sb.computer dhcpd[2368]:    to which interface usb1 is attached. **
Sep 22 15:33:23 kirk.sb.computer systemd-networkd-wait-online[2373]: ignoring: eth0
Sep 22 15:33:23 kirk.sb.computer dhcpd[2368]: 
Sep 22 15:33:23 kirk.sb.computer systemd-networkd[2341]: eth0: IPv6 enabled for interface: Success
Sep 22 15:33:23 kirk.sb.computer dhcpd[2368]: 
Sep 22 15:33:23 kirk.sb.computer systemd[1]: Started slpd service.
Sep 22 15:33:23 kirk.sb.computer dhcpd[2368]: No subnet declaration for usb0 (no IPv4 addresses).
Sep 22 15:33:23 kirk.sb.computer systemd[1]: Started Kirk mono app.
Sep 22 15:33:23 kirk.sb.computer dhcpd[2368]: ** Ignoring requests on usb0.  If this is not what
Sep 22 15:33:23 kirk.sb.computer dhcpd[2368]:    you want, please write a subnet declaration
Sep 22 15:33:23 kirk.sb.computer dhcpd[2368]:    in your dhcpd.conf file for the network segment
Sep 22 15:33:23 kirk.sb.computer systemd[1]: Started Network Name Resolution.
Sep 22 15:33:23 kirk.sb.computer dhcpd[2368]:    to which interface usb0 is attached. **
Sep 22 15:33:23 kirk.sb.computer dhcpd[2368]: 
Sep 22 15:33:23 kirk.sb.computer dhcpd[2368]: 
Sep 22 15:33:23 kirk.sb.computer dhcpd[2368]: No subnet declaration for eth0 (no IPv4 addresses).
Sep 22 15:33:23 kirk.sb.computer dhcpd[2368]: ** Ignoring requests on eth0.  If this is not what
Sep 22 15:33:23 kirk.sb.computer dhcpd[2368]:    you want, please write a subnet declaration
Sep 22 15:33:23 kirk.sb.computer dhcpd[2368]:    in your dhcpd.conf file for the network segment
Sep 22 15:33:23 kirk.sb.computer dhcpd[2368]:    to which interface eth0 is attached. **
Sep 22 15:33:23 kirk.sb.computer dhcpd[2368]: 
Sep 22 15:33:23 kirk.sb.computer dhcpd[2368]: 
Sep 22 15:33:23 kirk.sb.computer dhcpd[2368]: Not configured to listen on any interfaces!
Sep 22 15:33:23 kirk.sb.computer dhcpd[2368]: 
Sep 22 15:33:23 kirk.sb.computer dhcpd[2368]: If you think you have received this message due to a bug rather
Sep 22 15:33:23 kirk.sb.computer dhcpd[2368]: than a configuration issue please read the section on submitting
Sep 22 15:33:23 kirk.sb.computer dhcpd[2368]: bugs on either our web page at www.isc.org or in the README file
Sep 22 15:33:23 kirk.sb.computer dhcpd[2368]: before submitting a bug.  These pages explain the proper
Sep 22 15:33:23 kirk.sb.computer dhcpd[2368]: process and the information we find helpful for debugging..
Sep 22 15:33:23 kirk.sb.computer dhcpd[2368]: 
Sep 22 15:33:23 kirk.sb.computer dhcpd[2368]: exiting.
Sep 22 15:33:23 kirk.sb.computer liblogging-stdlog[2390]:  [origin software="rsyslogd" swVersion="8.22.0" x-pid="2390" x-info="http://www.rsyslog.com"] start
Sep 22 15:33:23 kirk.sb.computer systemd-networkd-wait-online[2373]: ignoring: eth0
Sep 22 15:33:23 kirk.sb.computer systemd-networkd-wait-online[2373]: ignoring: eth0
Sep 22 15:33:23 kirk.sb.computer kernel: IPv6: ADDRCONF(NETDEV_UP): eth0: link is not ready
Sep 22 15:33:23 kirk.sb.computer systemd-networkd-wait-online[2373]: ignoring: eth0
Sep 22 15:33:23 kirk.sb.computer systemd-networkd-wait-online[2373]: ignoring: eth0
Sep 22 15:33:23 kirk.sb.computer bash[2458]: cat: can't open '/var/run/dhcpd.pid': No such file or directory
Sep 22 15:33:23 kirk.sb.computer bash[2458]: kill: you need to specify whom to kill
Sep 22 15:33:23 kirk.sb.computer systemd[1]: dhcpd.service: Control process exited, code=exited status=1
Sep 22 15:33:23 kirk.sb.computer systemd[1]: dhcpd.service: Unit entered failed state.
Sep 22 15:33:23 kirk.sb.computer systemd[1]: dhcpd.service: Failed with result 'exit-code'.
Sep 22 15:33:23 kirk.sb.computer ssh-keygen[2363]: ssh-keygen: generating new host keys: RSA DSA ECDSA ED25519
Sep 22 15:33:23 kirk.sb.computer systemd[1]: Started OpenSSH server daemon.
Sep 22 15:33:23 kirk.sb.computer systemd[1]: Reached target Multi-User System.
Sep 22 15:33:23 kirk.sb.computer systemd[1]: Starting Update UTMP about System Runlevel Changes...
Sep 22 15:33:23 kirk.sb.computer sshd[2461]: Server listening on 0.0.0.0 port 1022.
Sep 22 15:33:23 kirk.sb.computer sshd[2461]: Server listening on :: port 1022.
Sep 22 15:33:23 kirk.sb.computer sshd[2461]: Server listening on 0.0.0.0 port 22.
Sep 22 15:33:23 kirk.sb.computer sshd[2461]: Server listening on :: port 22.
Sep 22 15:33:23 kirk.sb.computer systemd[1]: Started Update UTMP about System Runlevel Changes.
Sep 22 15:33:23 kirk.sb.computer systemd-networkd-wait-online[2373]: ignoring: eth0
Sep 22 15:33:23 kirk.sb.computer systemd-networkd-wait-online[2373]: ignoring: eth0
Sep 22 15:33:23 kirk.sb.computer systemd-networkd-wait-online[2373]: ignoring: eth0
Sep 22 15:33:24 kirk.sb.computer Kirk[2407]: 09-22 15:33:24.115-04:00 - 00:00:00  INFO [              1]                   Kirk.Wedding Kirk Software version 3.10.1.1+39c99ab is starting up.
Sep 22 15:33:24 kirk.sb.computer Kirk[2407]: 09-22 15:33:24.124-04:00 - 00:00:00  INFO [              1]                   Kirk.Wedding Branch: HEAD Running on .NET 6.0.7.
Sep 22 15:33:24 kirk.sb.computer Kirk[2407]: 09-22 15:33:24.124-04:00 - 00:00:00  INFO [              1]                   Kirk.Wedding PlatformId=Unix, logging to /var/log/kirk.wedding.log
Sep 22 15:33:24 kirk.sb.computer Kirk[2407]: 09-22 15:33:24.124-04:00 - 00:00:00  INFO [              1]                   Kirk.Wedding Have libusb driver
Sep 22 15:33:24 kirk.sb.computer Kirk[2407]: 09-22 15:33:24.201-04:00 - 00:00:00  INFO [              1] dware.Port.Chips.M1991_F81866A Initializing Fintek
Sep 22 15:33:24 kirk.sb.computer Kirk[2407]: 09-22 15:33:24.208-04:00 - 00:00:00  INFO [              1] dware.Port.Chips.M1991_F81866A Success!! This is a real Fintek! ID: 0x1934 Chip: 0x10 PortIndex: 0x4E PortData: 0x4F
Sep 22 15:33:24 kirk.sb.computer Kirk[2407]: 09-22 15:33:24.208-04:00 - 00:00:00  INFO [              1] dware.Port.Chips.M1991_F81866A Enabling GPIO...
Sep 22 15:33:24 kirk.sb.computer Kirk[2407]: 09-22 15:33:24.208-04:00 - 00:00:00  INFO [              1] dware.Port.Chips.M1991_F81866A GPIO is already enabled. Writing anyway.
Sep 22 15:33:24 kirk.sb.computer Kirk[2407]: 09-22 15:33:24.208-04:00 - 00:00:00  INFO [              1] dware.Port.Chips.M1991_F81866A Input pins: 0-3, Oputput pins: 4-7.
Sep 22 15:33:24 kirk.sb.computer Kirk[2407]: 09-22 15:33:24.327-04:00 - 00:00:00  INFO [              1]                   Kirk.Wedding Attempting to aggregate licenses.
Sep 22 15:33:24 kirk.sb.computer Kirk[2407]: 09-22 15:33:24.359-04:00 - 00:00:00  INFO [              1]                   Kirk.Wedding Resolved and Mapped: libslp.so.1
Sep 22 15:33:24 kirk.sb.computer kernel: usb 1-1: reset full-speed USB device number 2 using xhci_hcd
Sep 22 15:33:25 kirk.sb.computer Kirk[2407]: 09-22 15:33:25.179-04:00 - 00:00:01  INFO [              1]                        Tiny.TV Starting up.
Sep 22 15:33:25 kirk.sb.computer Kirk[2407]: 09-22 15:33:25.179-04:00 - 00:00:01  INFO [        Tiny.TV]                        Tiny.TV Started Tiny TV
Sep 22 15:33:25 kirk.sb.computer Kirk[2407]: 09-22 15:33:25.180-04:00 - 00:00:01  INFO [              1]              Pipeline.Plumbing Starting up.
Sep 22 15:33:25 kirk.sb.computer Kirk[2407]: 09-22 15:33:25.187-04:00 - 00:00:01  INFO [              1]                       Comm.Biz Starting up.
Sep 22 15:33:25 kirk.sb.computer Kirk[2407]: 09-22 15:33:25.187-04:00 - 00:00:01  INFO [              1]                 Telemetry.Taxi Starting up.
Sep 22 15:33:25 kirk.sb.computer Kirk[2407]: 09-22 15:33:25.187-04:00 - 00:00:01  INFO [              1]                      Audit.Box Starting up.
Sep 22 15:33:25 kirk.sb.computer Kirk[2407]: 09-22 15:33:25.188-04:00 - 00:00:01  INFO [.Box dispatcher]                      Audit.Box Starting up.
Sep 22 15:33:25 kirk.sb.computer Kirk[2407]: 09-22 15:33:25.190-04:00 - 00:00:01  INFO [pServerListener] ataFlow.UDPSupport.UDPListener Allocated client buffer size: 100 kB
Sep 22 15:33:25 kirk.sb.computer Kirk[2407]: 09-22 15:33:25.190-04:00 - 00:00:01  INFO [pServerListener] ataFlow.UDPSupport.UDPListener Socket buffer is: 537 MB.
Sep 22 15:33:25 kirk.sb.computer Kirk[2407]: 09-22 15:33:25.193-04:00 - 00:00:01  INFO [              1]                   Kirk.Wedding Power on self-test started.
Sep 22 15:33:25 kirk.sb.computer Kirk[2407]: 09-22 15:33:25.194-04:00 - 00:00:01  INFO [       Comm.Biz]                       Comm.Biz Web server will start at http://localhost:44015/
Sep 22 15:33:25 kirk.sb.computer Kirk[2407]: 09-22 15:33:25.200-04:00 - 00:00:01  INFO [              1]                   Kirk.Wedding 12V enable is High
Sep 22 15:33:25 kirk.sb.computer Kirk[2407]: 09-22 15:33:25.201-04:00 - 00:00:01  INFO [              1]                   Kirk.Wedding Set up finished
Sep 22 15:33:25 kirk.sb.computer Kirk[2407]: 09-22 15:33:25.203-04:00 - 00:00:01  INFO [SelfTestManager] ion.Kirk.Hardware.MemoryTester Memory self-test started
Sep 22 15:33:25 kirk.sb.computer Kirk[2407]: 09-22 15:33:25.206-04:00 - 00:00:01  INFO [SelfTestManager] on.Kirk.Hardware.ExternalDrive External drive self-test started
Sep 22 15:33:25 kirk.sb.computer Kirk[2407]: 09-22 15:33:25.215-04:00 - 00:00:01  INFO [SelfTestManager]                       SelfTest Started self test for 3 modules.  IsFull=False
Sep 22 15:33:25 kirk.sb.computer Kirk[2407]: 09-22 15:33:25.215-04:00 - 00:00:01  INFO [readPool Worker] ion.Kirk.Hardware.MemoryTester Memory self-test completed
Sep 22 15:33:25 kirk.sb.computer Kirk[2407]: 09-22 15:33:25.219-04:00 - 00:00:01  INFO [     UDP QMon-0] ataFlow.UDPSupport.UDPListener Starting BufferQueueMonitor
Sep 22 15:33:25 kirk.sb.computer Kirk[2407]: 09-22 15:33:25.225-04:00 - 00:00:01  INFO [   UDP Listen-0] ataFlow.UDPSupport.UDPListener Starting MainThread
Sep 22 15:33:25 kirk.sb.computer Kirk[2407]: 09-22 15:33:25.225-04:00 - 00:00:01 ERROR [pServerListener]                     Stream.ing Initializing Process Uptime failed. EXCEPTION OCCURRED:System.ArgumentException: TimeSpan does not accept floating point Not-a-Number values.
Sep 22 15:33:25 kirk.sb.computer Kirk[2407]:    at System.TimeSpan.Interval(Double value, Double scale)
Sep 22 15:33:25 kirk.sb.computer Kirk[2407]:    at System.TimeSpan.FromSeconds(Double value)
Sep 22 15:33:25 kirk.sb.computer Kirk[2407]:    at Axion.Core.Measurements.DurationMeasure.op_Implicit(DurationMeasure aDuration)
Sep 22 15:33:25 kirk.sb.computer Kirk[2407]:    at Axion.Kirk.TcpComm.StreamIng.<InitializeTelemetry>b__63_24()
Sep 22 15:33:25 kirk.sb.computer Kirk[2407]:    at Axion.Kirk.TcpComm.StreamIng.SafelyAct(Action aAction, String aActionName)
Sep 22 15:33:25 kirk.sb.computer Kirk[2407]: 09-22 15:33:25.246-04:00 - 00:00:01  INFO [readPool Worker] on.Kirk.Hardware.ExternalDrive External drive self-test completed
Sep 22 15:33:25 kirk.sb.computer Kirk[2407]: 09-22 15:33:25.246-04:00 - 00:00:01  INFO [SelfTestManager]                       SelfTest Self test took 00:00:00.0305136
Sep 22 15:33:25 kirk.sb.computer Kirk[2407]: 09-22 15:33:25.554-04:00 - 00:00:01  INFO [       Comm.Biz] xion.Networking.Slp.SlpMonitor Initialized Discovery Handler...
Sep 22 15:33:25 kirk.sb.computer Kirk[2407]: 09-22 15:33:25.555-04:00 - 00:00:01  INFO [       Comm.Biz]                       Comm.Biz Sending stop signal to nginx ...
Sep 22 15:33:25 kirk.sb.computer Kirk[2407]: 09-22 15:33:25.557-04:00 - 00:00:01  INFO [  Network Disco] xion.Networking.Slp.SlpMonitor Network discovery commencing...
Sep 22 15:33:26 kirk.sb.computer Kirk[2407]: 09-22 15:33:26.095-04:00 - 00:00:02  INFO [       Comm.Biz]                       Comm.Biz Saving nginx configuration to /root/axion_nginx.conf
Sep 22 15:33:26 kirk.sb.computer Kirk[2407]: 09-22 15:33:26.096-04:00 - 00:00:02  INFO [       Comm.Biz]                       Comm.Biz Starting nginx...
Sep 22 15:33:26 kirk.sb.computer kernel: e1000e: eth1 NIC Link is Up 1000 Mbps Full Duplex, Flow Control: Rx/Tx
Sep 22 15:33:26 kirk.sb.computer kernel: IPv6: ADDRCONF(NETDEV_CHANGE): eth1: link becomes ready
Sep 22 15:33:26 kirk.sb.computer systemd-networkd-wait-online[2373]: ignoring: eth0
Sep 22 15:33:26 kirk.sb.computer systemd-networkd[2341]: eth1: Gained carrier
Sep 22 15:33:26 kirk.sb.computer systemd-networkd-wait-online[2373]: ignoring: eth0
Sep 22 15:33:28 kirk.sb.computer systemd[1]: Started Make sure slpd has joined multicast groups.
Sep 22 15:33:28 kirk.sb.computer checkslpd.sh[2559]: 4        eth1      :     1      V3
Sep 22 15:33:28 kirk.sb.computer monitor_link_local.sh[2574]: Running monitor_link_local.sh for interface eth1
Sep 22 15:33:28 kirk.sb.computer systemd[1]: Stopping slpd service...
Sep 22 15:33:28 kirk.sb.computer systemd[1]: Stopped slpd service.
Sep 22 15:33:28 kirk.sb.computer systemd[1]: Starting slpd service...
Sep 22 15:33:28 kirk.sb.computer systemd[1]: Started slpd service.
Sep 22 15:33:28 kirk.sb.computer monitor_network.sh[2590]: Starting network monitor script PID=2372
Sep 22 15:33:28 kirk.sb.computer systemd-networkd[2341]: eth1: Gained IPv6LL
Sep 22 15:33:28 kirk.sb.computer systemd-networkd-wait-online[2373]: ignoring: eth0
Sep 22 15:33:28 kirk.sb.computer monitor_network.sh[2595]: Checking slpd status...
Sep 22 15:33:28 kirk.sb.computer bash[2372]: 4        eth1      :     1      V3
Sep 22 15:33:28 kirk.sb.computer systemd[1]: Stopping slpd service...
Sep 22 15:33:28 kirk.sb.computer systemd[1]: Stopped slpd service.
Sep 22 15:33:28 kirk.sb.computer systemd[1]: Starting slpd service...
Sep 22 15:33:28 kirk.sb.computer systemd[1]: Started slpd service.
Sep 22 15:33:31 kirk.sb.computer kernel: igb 0000:01:00.0 eth0: igb: eth0 NIC Link is Up 1000 Mbps Full Duplex, Flow Control: RX
Sep 22 15:33:31 kirk.sb.computer kernel: IPv6: ADDRCONF(NETDEV_CHANGE): eth0: link becomes ready
Sep 22 15:33:31 kirk.sb.computer systemd-networkd-wait-online[2373]: ignoring: eth0
Sep 22 15:33:31 kirk.sb.computer systemd-networkd[2341]: eth0: Gained carrier
Sep 22 15:33:31 kirk.sb.computer systemd-networkd-wait-online[2373]: ignoring: eth0
Sep 22 15:33:32 kirk.sb.computer systemd-networkd[2341]: eth0: Gained IPv6LL
Sep 22 15:33:32 kirk.sb.computer systemd-networkd[2341]: eth0: Configured
Sep 22 15:33:32 kirk.sb.computer systemd-networkd-wait-online[2373]: ignoring: eth0
Sep 22 15:33:32 kirk.sb.computer monitor_network.sh[2654]: Checking slpd status...
Sep 22 15:33:32 kirk.sb.computer bash[2372]: 4        eth1      :     1      V3
Sep 22 15:33:32 kirk.sb.computer systemd[1]: Stopping slpd service...
Sep 22 15:33:32 kirk.sb.computer systemd[1]: Stopped slpd service.
Sep 22 15:33:32 kirk.sb.computer systemd[1]: Starting slpd service...
Sep 22 15:33:32 kirk.sb.computer systemd[1]: Started slpd service.
Sep 22 15:33:33 kirk.sb.computer monitor_network.sh[2677]: Checking slpd status...
Sep 22 15:33:33 kirk.sb.computer bash[2372]: 4        eth1      :     1      V3
Sep 22 15:33:33 kirk.sb.computer systemd[1]: Stopping slpd service...
Sep 22 15:33:33 kirk.sb.computer systemd[1]: Stopped slpd service.
Sep 22 15:33:33 kirk.sb.computer systemd[1]: Starting slpd service...
Sep 22 15:33:33 kirk.sb.computer systemd[1]: Started slpd service.
Sep 22 15:33:37 kirk.sb.computer kernel: random: crng init done
Sep 22 15:33:37 kirk.sb.computer Kirk[2407]: 09-22 15:33:37.804-04:00 - 00:00:14  INFO [       Comm.Biz] Hardware.SLP.SlpServiceMonitor Registering service service:axion.maestro2.http://169.254.134.125:8081
Sep 22 15:33:37 kirk.sb.computer Kirk[2407]: 09-22 15:33:37.806-04:00 - 00:00:14  INFO [       Comm.Biz]                   Kirk.Wedding Resolved and Mapped: libslp.so.1
Sep 22 15:33:43 kirk.sb.computer systemd[1]: dhcpd.service: Service hold-off time over, scheduling restart.
Sep 22 15:33:43 kirk.sb.computer systemd[1]: Stopped dhcpd service.
Sep 22 15:33:43 kirk.sb.computer systemd[1]: Started dhcpd service.
Sep 22 15:33:43 kirk.sb.computer dhcpd[2796]: Internet Systems Consortium DHCP Server 4.3.5
Sep 22 15:33:43 kirk.sb.computer dhcpd[2796]: Copyright 2004-2016 Internet Systems Consortium.
Sep 22 15:33:43 kirk.sb.computer dhcpd[2796]: All rights reserved.
Sep 22 15:33:43 kirk.sb.computer dhcpd[2796]: For info, please visit https://www.isc.org/software/dhcp/
Sep 22 15:33:43 kirk.sb.computer dhcpd[2796]: Config file: /etc/dhcp/dhcpd.conf
Sep 22 15:33:43 kirk.sb.computer dhcpd[2796]: Database file: /var/lib/dhcp/dhcpd.leases
Sep 22 15:33:43 kirk.sb.computer dhcpd[2796]: PID file: /var/run/dhcpd.pid
Sep 22 15:33:43 kirk.sb.computer dhcpd[2796]: Wrote 0 leases to leases file.
Sep 22 15:33:43 kirk.sb.computer dhcpd[2796]: 
Sep 22 15:33:43 kirk.sb.computer dhcpd[2796]: No subnet declaration for usb1 (no IPv4 addresses).
Sep 22 15:33:43 kirk.sb.computer dhcpd[2796]: ** Ignoring requests on usb1.  If this is not what
Sep 22 15:33:43 kirk.sb.computer dhcpd[2796]:    you want, please write a subnet declaration
Sep 22 15:33:43 kirk.sb.computer dhcpd[2796]:    in your dhcpd.conf file for the network segment
Sep 22 15:33:43 kirk.sb.computer dhcpd[2796]:    to which interface usb1 is attached. **
Sep 22 15:33:43 kirk.sb.computer dhcpd[2796]: 
Sep 22 15:33:43 kirk.sb.computer dhcpd[2796]: 
Sep 22 15:33:43 kirk.sb.computer dhcpd[2796]: No subnet declaration for usb0 (no IPv4 addresses).
Sep 22 15:33:43 kirk.sb.computer dhcpd[2796]: ** Ignoring requests on usb0.  If this is not what
Sep 22 15:33:43 kirk.sb.computer dhcpd[2796]:    you want, please write a subnet declaration
Sep 22 15:33:43 kirk.sb.computer dhcpd[2796]:    in your dhcpd.conf file for the network segment
Sep 22 15:33:43 kirk.sb.computer dhcpd[2796]:    to which interface usb0 is attached. **
Sep 22 15:33:43 kirk.sb.computer dhcpd[2796]: 
Sep 22 15:33:43 kirk.sb.computer dhcpd[2796]: Listening on LPF/eth0/00:03:2d:58:41:7d/172.31.0.0/28
Sep 22 15:33:43 kirk.sb.computer dhcpd[2796]: Sending on   LPF/eth0/00:03:2d:58:41:7d/172.31.0.0/28
Sep 22 15:33:43 kirk.sb.computer dhcpd[2796]: Sending on   Socket/fallback/fallback-net
Sep 22 15:33:43 kirk.sb.computer dhcpd[2796]: Server starting service.
Sep 22 15:33:49 kirk.sb.computer Kirk[2407]: 09-22 15:33:49.645-04:00 - 00:00:26  INFO [bing dispatcher]              Pipeline.Plumbing AxIS Connection Status Changed: Disconnected -> Connected
Sep 22 15:33:49 kirk.sb.computer Kirk[2407]: 09-22 15:33:49.805-04:00 - 00:00:26  INFO [readPool Worker] ardware.Web.HttpSystemSettings I was told to set my UTC time from: 09/22/2023 19:33:49 to: 09/22/2023 19:33:50. But I'm not going to, because Mono can't handle that right now.
Sep 22 15:33:49 kirk.sb.computer Kirk[2407]: 09-22 15:33:49.806-04:00 - 00:00:26  INFO [readPool Worker] ardware.Web.HttpSystemSettings Saving off my difference: 00:00:00.1948093. This will be added to my time when I shut down.
Sep 22 15:33:49 kirk.sb.computer Kirk[2407]: 09-22 15:33:49.810-04:00 - 00:00:26  INFO [readPool Worker] ardware.Web.HttpSystemSettings Request to set time zone to America/New_York
Sep 22 15:33:49 kirk.sb.computer Kirk[2407]: 09-22 15:33:49.814-04:00 - 00:00:26  INFO [readPool Worker] ardware.Web.HttpSystemSettings Updated Linux timezone to America/New_York
Sep 22 15:33:51 kirk.sb.computer kernel: usb 1-5: new high-speed USB device number 3 using xhci_hcd
Sep 22 15:33:51 kirk.sb.computer kernel: usb 1-5: New USB device found, idVendor=16d0, idProduct=0b44
Sep 22 15:33:51 kirk.sb.computer kernel: usb 1-5: New USB device strings: Mfr=1, Product=2, SerialNumber=0
Sep 22 15:33:51 kirk.sb.computer kernel: usb 1-5: Product: RNDIS/Ethernet Gadget
Sep 22 15:33:51 kirk.sb.computer kernel: usb 1-5: Manufacturer: Linux 4.14.0-xilinx-v2018.3 with e0002000.usb
Sep 22 15:33:52 kirk.sb.computer systemd-networkd-wait-online[2373]: ignoring: usb0
Sep 22 15:33:52 kirk.sb.computer systemd-networkd-wait-online[2373]: ignoring: eth0
Sep 22 15:33:52 kirk.sb.computer kernel: cdc_ether 1-5:1.0 usb0: register 'cdc_ether' at usb-0000:00:14.0-5, CDC Ethernet Device, a6:86:e6:62:be:9a
Sep 22 15:33:52 kirk.sb.computer kernel: usbcore: registered new interface driver cdc_ether
Sep 22 15:33:52 kirk.sb.computer systemd-networkd[2341]: usb0: IPv6 enabled for interface: Success
Sep 22 15:33:52 kirk.sb.computer systemd-networkd-wait-online[2373]: ignoring: usb0
Sep 22 15:33:52 kirk.sb.computer systemd-networkd-wait-online[2373]: ignoring: eth0
Sep 22 15:33:52 kirk.sb.computer systemd-networkd-wait-online[2373]: ignoring: usb0
Sep 22 15:33:52 kirk.sb.computer systemd-networkd-wait-online[2373]: ignoring: eth0
Sep 22 15:33:52 kirk.sb.computer systemd-networkd-wait-online[2373]: ignoring: usb0
Sep 22 15:33:52 kirk.sb.computer systemd-networkd-wait-online[2373]: ignoring: eth0
Sep 22 15:33:52 kirk.sb.computer kernel: cdc_ether 1-5:1.0 usb0: kevent 12 may have been dropped
Sep 22 15:33:52 kirk.sb.computer monitor_network.sh[2929]: Restarting dhcpd...
Sep 22 15:33:52 kirk.sb.computer systemd[1]: Stopping dhcpd service...
Sep 22 15:33:52 kirk.sb.computer systemd-networkd[2341]: usb0: Gained carrier
Sep 22 15:33:52 kirk.sb.computer systemd-networkd-wait-online[2373]: ignoring: usb0
Sep 22 15:33:52 kirk.sb.computer systemd-networkd-wait-online[2373]: ignoring: eth0
Sep 22 15:33:52 kirk.sb.computer systemd[1]: Stopped dhcpd service.
Sep 22 15:33:52 kirk.sb.computer systemd-networkd-wait-online[2373]: ignoring: usb0
Sep 22 15:33:52 kirk.sb.computer systemd-networkd-wait-online[2373]: ignoring: eth0
Sep 22 15:33:52 kirk.sb.computer systemd[1]: Started dhcpd service.
Sep 22 15:33:52 kirk.sb.computer dhcpd[2935]: Internet Systems Consortium DHCP Server 4.3.5
Sep 22 15:33:52 kirk.sb.computer dhcpd[2935]: Copyright 2004-2016 Internet Systems Consortium.
Sep 22 15:33:52 kirk.sb.computer dhcpd[2935]: All rights reserved.
